Component: ARM Compiler 5.06 update 7 (build 960) Tool: armlink [4d3601]

==============================================================================

Section Cross References

    startup_stm32f427xx.o(RESET) refers to startup_stm32f427xx.o(STACK) for __initial_sp
    startup_stm32f427xx.o(RESET) refers to startup_stm32f427xx.o(.text) for Reset_Handler
    startup_stm32f427xx.o(RESET) refers to stm32f4xx_it.o(i.NMI_Handler) for NMI_Handler
    startup_stm32f427xx.o(RESET) refers to stm32f4xx_it.o(i.HardFault_Handler) for HardFault_Handler
    startup_stm32f427xx.o(RESET) refers to stm32f4xx_it.o(i.MemManage_Handler) for MemManage_Handler
    startup_stm32f427xx.o(RESET) refers to stm32f4xx_it.o(i.BusFault_Handler) for BusFault_Handler
    startup_stm32f427xx.o(RESET) refers to stm32f4xx_it.o(i.UsageFault_Handler) for UsageFault_Handler
    startup_stm32f427xx.o(RESET) refers to port.o(.emb_text) for SVC_Handler
    startup_stm32f427xx.o(RESET) refers to stm32f4xx_it.o(i.DebugMon_Handler) for DebugMon_Handler
    startup_stm32f427xx.o(RESET) refers to cmsis_os2.o(i.SysTick_Handler) for SysTick_Handler
    startup_stm32f427xx.o(RESET) refers to stm32f4xx_it.o(i.DMA1_Stream4_IRQHandler) for DMA1_Stream4_IRQHandler
    startup_stm32f427xx.o(RESET) refers to stm32f4xx_it.o(i.DMA1_Stream5_IRQHandler) for DMA1_Stream5_IRQHandler
    startup_stm32f427xx.o(RESET) refers to stm32f4xx_it.o(i.CAN1_RX0_IRQHandler) for CAN1_RX0_IRQHandler
    startup_stm32f427xx.o(RESET) refers to stm32f4xx_it.o(i.USART1_IRQHandler) for USART1_IRQHandler
    startup_stm32f427xx.o(RESET) refers to stm32f4xx_it.o(i.USART2_IRQHandler) for USART2_IRQHandler
    startup_stm32f427xx.o(RESET) refers to stm32f4xx_it.o(i.USART3_IRQHandler) for USART3_IRQHandler
    startup_stm32f427xx.o(RESET) refers to stm32f4xx_it.o(i.UART4_IRQHandler) for UART4_IRQHandler
    startup_stm32f427xx.o(RESET) refers to stm32f4xx_it.o(i.TIM6_DAC_IRQHandler) for TIM6_DAC_IRQHandler
    startup_stm32f427xx.o(RESET) refers to stm32f4xx_it.o(i.DMA2_Stream2_IRQHandler) for DMA2_Stream2_IRQHandler
    startup_stm32f427xx.o(RESET) refers to stm32f4xx_it.o(i.CAN2_RX0_IRQHandler) for CAN2_RX0_IRQHandler
    startup_stm32f427xx.o(.text) refers to system_stm32f4xx.o(i.SystemInit) for SystemInit
    startup_stm32f427xx.o(.text) refers to entry.o(.ARM.Collect$$$$00000000) for __main
    main.o(i.HAL_TIM_PeriodElapsedCallback) refers to stm32f4xx_hal.o(i.HAL_IncTick) for HAL_IncTick
    main.o(i.SystemClock_Config) refers to memseta.o(.text) for __aeabi_memclr4
    main.o(i.SystemClock_Config) refers to stm32f4xx_hal_rcc.o(i.HAL_RCC_OscConfig) for HAL_RCC_OscConfig
    main.o(i.SystemClock_Config) refers to main.o(i.Error_Handler) for Error_Handler
    main.o(i.SystemClock_Config) refers to stm32f4xx_hal_pwr_ex.o(i.HAL_PWREx_EnableOverDrive) for HAL_PWREx_EnableOverDrive
    main.o(i.SystemClock_Config) refers to stm32f4xx_hal_rcc.o(i.HAL_RCC_ClockConfig) for HAL_RCC_ClockConfig
    main.o(i.main) refers to stm32f4xx_hal.o(i.HAL_Init) for HAL_Init
    main.o(i.main) refers to main.o(i.SystemClock_Config) for SystemClock_Config
    main.o(i.main) refers to gpio.o(i.MX_GPIO_Init) for MX_GPIO_Init
    main.o(i.main) refers to dma.o(i.MX_DMA_Init) for MX_DMA_Init
    main.o(i.main) refers to usart.o(i.MX_USART1_UART_Init) for MX_USART1_UART_Init
    main.o(i.main) refers to can.o(i.MX_CAN1_Init) for MX_CAN1_Init
    main.o(i.main) refers to can.o(i.MX_CAN2_Init) for MX_CAN2_Init
    main.o(i.main) refers to usart.o(i.MX_USART2_UART_Init) for MX_USART2_UART_Init
    main.o(i.main) refers to usart.o(i.MX_USART3_UART_Init) for MX_USART3_UART_Init
    main.o(i.main) refers to usart.o(i.MX_UART4_Init) for MX_UART4_Init
    main.o(i.main) refers to cmsis_os2.o(i.osKernelInitialize) for osKernelInitialize
    main.o(i.main) refers to freertos.o(i.MX_FREERTOS_Init) for MX_FREERTOS_Init
    main.o(i.main) refers to cmsis_os2.o(i.osKernelStart) for osKernelStart
    gpio.o(i.MX_GPIO_Init) refers to memseta.o(.text) for __aeabi_memclr4
    gpio.o(i.MX_GPIO_Init) refers to stm32f4xx_hal_gpio.o(i.HAL_GPIO_WritePin) for HAL_GPIO_WritePin
    gpio.o(i.MX_GPIO_Init) refers to stm32f4xx_hal_gpio.o(i.HAL_GPIO_Init) for HAL_GPIO_Init
    freertos.o(i.MX_FREERTOS_Init) refers to cmsis_os2.o(i.osThreadNew) for osThreadNew
    freertos.o(i.MX_FREERTOS_Init) refers to freertos.o(.constdata) for defaultTask_attributes
    freertos.o(i.MX_FREERTOS_Init) refers to freertos.o(i.StartDefaultTask) for StartDefaultTask
    freertos.o(i.MX_FREERTOS_Init) refers to freertos.o(.data) for defaultTaskHandle
    freertos.o(i.MX_FREERTOS_Init) refers to shoot.o(i.StartShootTask) for StartShootTask
    freertos.o(i.MX_FREERTOS_Init) refers to gimbal.o(i.StartGimbalTask) for StartGimbalTask
    freertos.o(i.MX_FREERTOS_Init) refers to freertos.o(i.StartMonitorTask) for StartMonitorTask
    freertos.o(i.MX_FREERTOS_Init) refers to freertos.o(i.StartInitTask) for StartInitTask
[...]
    i.vTaskSuspendAll                        0x080063d0   Section        0  tasks.o(i.vTaskSuspendAll)
    i.vTaskSwitchContext                     0x080063e0   Section        0  tasks.o(i.vTaskSwitchContext)
    i.xPortStartScheduler                    0x0800648c   Section        0  port.o(i.xPortStartScheduler)
    i.xPortSysTickHandler                    0x080065f4   Section        0  port.o(i.xPortSysTickHandler)
    i.xQueueGenericCreateStatic              0x08006628   Section        0  queue.o(i.xQueueGenericCreateStatic)
    i.xQueueGenericReset                     0x08006708   Section        0  queue.o(i.xQueueGenericReset)
    i.xQueueGenericSend                      0x080067a0   Section        0  queue.o(i.xQueueGenericSend)
    i.xQueueGenericSendFromISR               0x08006948   Section        0  queue.o(i.xQueueGenericSendFromISR)
    i.xQueueReceive                          0x08006a44   Section        0  queue.o(i.xQueueReceive)
    i.xTaskCheckForTimeOut                   0x08006bac   Section        0  tasks.o(i.xTaskCheckForTimeOut)
    i.xTaskCreate                            0x08006c38   Section        0  tasks.o(i.xTaskCreate)
    i.xTaskCreateStatic                      0x08006c9c   Section        0  tasks.o(i.xTaskCreateStatic)
    i.xTaskGetSchedulerState                 0x08006d58   Section        0  tasks.o(i.xTaskGetSchedulerState)
    i.xTaskGetTickCount                      0x08006d78   Section        0  tasks.o(i.xTaskGetTickCount)
    i.xTaskIncrementTick                     0x08006d84   Section        0  tasks.o(i.xTaskIncrementTick)
    i.xTaskPriorityDisinherit                0x08006ec8   Section        0  tasks.o(i.xTaskPriorityDisinherit)
    i.xTaskRemoveFromEventList               0x08006f6c   Section        0  tasks.o(i.xTaskRemoveFromEventList)
    i.xTaskResumeAll                         0x08007004   Section        0  tasks.o(i.xTaskResumeAll)
    i.xTimerCreateTimerTask                  0x08007108   Section        0  timers.o(i.xTimerCreateTimerTask)
    i.xTimerGenericCommand                   0x08007180   Section        0  timers.o(i.xTimerGenericCommand)
    .constdata                               0x08007204   Section      216  freertos.o(.constdata)
    .constdata                               0x080072dc   Section        8  stm32f4xx_hal_dma.o(.constdata)
    flagBitshiftOffset                       0x080072dc   Data           8  stm32f4xx_hal_dma.o(.constdata)
    .constdata                               0x080072e4   Section       24  system_stm32f4xx.o(.constdata)
    .constdata                               0x080072fc   Section       48  shoot.o(.constdata)
    .constdata                               0x0800732c   Section       60  gimbal.o(.constdata)
    .conststring                             0x08007368   Section       66  freertos.o(.conststring)
    .data                                    0x20000000   Section       32  freertos.o(.data)
    .data                                    0x20000020   Section        4  can.o(.data)
    HAL_RCC_CAN1_CLK_ENABLED                 0x20000020   Data           4  can.o(.data)
    .data                                    0x20000024   Section        9  stm32f4xx_hal.o(.data)
    .data                                    0x20000030   Section        4  system_stm32f4xx.o(.data)
    .data                                    0x20000034   Section       60  tasks.o(.data)
    pxDelayedTaskList                        0x20000038   Data           4  tasks.o(.data)
    pxOverflowDelayedTaskList                0x2000003c   Data           4  tasks.o(.data)
    uxDeletedTasksWaitingCleanUp             0x20000040   Data           4  tasks.o(.data)
    uxCurrentNumberOfTasks                   0x20000044   Data           4  tasks.o(.data)
    xTickCount                               0x20000048   Data           4  tasks.o(.data)
    uxTopReadyPriority                       0x2000004c   Data           4  tasks.o(.data)
    xSchedulerRunning                        0x20000050   Data           4  tasks.o(.data)
    xPendedTicks                             0x20000054   Data           4  tasks.o(.data)
    xYieldPending                            0x20000058   Data           4  tasks.o(.data)
    xNumOfOverflows                          0x2000005c   Data           4  tasks.o(.data)
    uxTaskNumber                             0x20000060   Data           4  tasks.o(.data)
    xNextTaskUnblockTime                     0x20000064   Data           4  tasks.o(.data)
    xIdleTaskHandle                          0x20000068   Data           4  tasks.o(.data)
    uxSchedulerSuspended                     0x2000006c   Data           4  tasks.o(.data)
    .data                                    0x20000070   Section       20  timers.o(.data)
    pxCurrentTimerList                       0x20000070   Data           4  timers.o(.data)
    pxOverflowTimerList                      0x20000074   Data           4  timers.o(.data)
    xTimerQueue                              0x20000078   Data           4  timers.o(.data)
    xTimerTaskHandle                         0x2000007c   Data           4  timers.o(.data)
    xLastTime                                0x20000080   Data           4  timers.o(.data)
    .data                                    0x20000084   Section        4  cmsis_os2.o(.data)
    KernelState                              0x20000084   Data           4  cmsis_os2.o(.data)
    .data                                    0x20000088   Section       32  heap_4.o(.data)
    xStart                                   0x20000088   Data           8  heap_4.o(.data)
    pxEnd                                    0x20000090   Data           4  heap_4.o(.data)
    xFreeBytesRemaining                      0x20000094   Data           4  heap_4.o(.data)
    xMinimumEverFreeBytesRemaining           0x20000098   Data           4  heap_4.o(.data)
    xNumberOfSuccessfulAllocations           0x2000009c   Data           4  heap_4.o(.data)
    xNumberOfSuccessfulFrees                 0x200000a0   Data           4  heap_4.o(.data)
    xBlockAllocatedBit                       0x200000a4   Data           4  heap_4.o(.data)
    .data                                    0x200000a8   Section       12  port.o(.data)
    uxCriticalNesting                        0x200000a8   Data           4  port.o(.data)
    ucMaxSysCallPriority                     0x200000ac   Data           1  port.o(.data)
    ulMaxPRIGROUPValue                       0x200000b0   Data           4  port.o(.data)
    .data                                    0x200000b4   Section       16  _can.o(.data)
    .data                                    0x200000c4   Section       32  _usart.o(.data)
    .data                                    0x200000e4   Section       22  gimbal.o(.data)
    .data                                    0x200000fc   Section        4  stdout.o(.data)
    .bss                                     0x20000100   Section       80  can.o(.bss)
    .bss                                     0x20000150   Section      576  usart.o(.bss)
    .bss                                     0x20000390   Section       72  stm32f4xx_hal_timebase_tim.o(.bss)
    .bss                                     0x200003d8   Section       64  queue.o(.bss)
    .bss                                     0x20000418   Section     1220  tasks.o(.bss)
    pxReadyTasksLists                        0x20000418   Data        1120  tasks.o(.bss)
    xDelayedTaskList1                        0x20000878   Data          20  tasks.o(.bss)
    xDelayedTaskList2                        0x2000088c   Data          20  tasks.o(.bss)
    xPendingReadyList                        0x200008a0   Data          20  tasks.o(.bss)
    xTasksWaitingTermination                 0x200008b4   Data          20  tasks.o(.bss)
    xSuspendedTaskList                       0x200008c8   Data          20  tasks.o(.bss)
    .bss                                     0x200008dc   Section      280  timers.o(.bss)
    xActiveTimerList1                        0x200008dc   Data          20  timers.o(.bss)
    xActiveTimerList2                        0x200008f0   Data          20  timers.o(.bss)
    xStaticTimerQueue                        0x20000904   Data          80  timers.o(.bss)
    ucStaticTimerQueueStorage                0x20000954   Data         160  timers.o(.bss)
    .bss                                     0x200009f4   Section     1720  cmsis_os2.o(.bss)
    Idle_TCB                                 0x200009f4   Data          92  cmsis_os2.o(.bss)
    Idle_Stack                               0x20000a50   Data         512  cmsis_os2.o(.bss)
    Timer_TCB                                0x20000c50   Data          92  cmsis_os2.o(.bss)
    Timer_Stack                              0x20000cac   Data        1024  cmsis_os2.o(.bss)
    .bss                                     0x200010ac   Section    15360  heap_4.o(.bss)
    ucHeap                                   0x200010ac   Data       15360  heap_4.o(.bss)
    .bss                                     0x20004cac   Section       73  _can.o(.bss)
    .bss                                     0x20004cf8   Section      100  _usart.o(.bss)
    .bss                                     0x20004d5c   Section       44  vofa.o(.bss)
    .bss                                     0x20004d88   Section      768  motor.o(.bss)
    .bss                                     0x20005088   Section       36  gyroscope.o(.bss)
    .bss                                     0x200050ac   Section       20  shoot.o(.bss)
    .bss                                     0x200050c0   Section      496  gimbal.o(.bss)
    STACK                                    0x200052b0   Section     1024  startup_stm32f427xx.o(STACK)

    Global Symbols

    Symbol Name                              Value     Ov Type        Size  Object(Section)

    BuildAttributes$$THM_ISAv4$E$P$D$K$B$S$7EM$VFPi3$EXTD16$VFPS$VFMA$PE$A:L22UL41UL21$X:L11$S22US41US21$IEEE1$IW$USESV6$~STKCKD$USESV7$~SHL$OTIME$ROPI$EBA8$MICROLIB$REQ8$PRES8$EABIv2 0x00000000   Number         0  anon$$obj.o ABSOLUTE
    __ARM_use_no_argv                        0x00000000   Number         0  main.o ABSOLUTE
    _printf_a                                0x00000000   Number         0  stubs.o ABSOLUTE
    _printf_c                                0x00000000   Number         0  stubs.o ABSOLUTE
    _printf_charcount                        0x00000000   Number         0  stubs.o ABSOLUTE
    _printf_d                                0x00000000   Number         0  stubs.o ABSOLUTE
    _printf_e                                0x00000000   Number         0  stubs.o ABSOLUTE
    _printf_f                                0x00000000   Number         0  stubs.o ABSOLUTE
    _printf_flags                            0x00000000   Number         0  stubs.o ABSOLUTE
    _printf_fp_dec                           0x00000000   Number         0  stubs.o ABSOLUTE
    _printf_fp_hex                           0x00000000   Number         0  stubs.o ABSOLUTE
    _printf_g                                0x00000000   Number         0  stubs.o ABSOLUTE
    _printf_i                                0x00000000   Number         0  stubs.o ABSOLUTE
    _printf_int_dec                          0x00000000   Number         0  stubs.o ABSOLUTE
    _printf_l                                0x00000000   Number         0  stubs.o ABSOLUTE
    _printf_lc                               0x00000000   Number         0  stubs.o ABSOLUTE
    _printf_ll                               0x00000000   Number         0  stubs.o ABSOLUTE
    _printf_lld                              0x00000000   Number         0  stubs.o ABSOLUTE
    _printf_lli                              0x00000000   Number         0  stubs.o ABSOLUTE
    _printf_llo                              0x00000000   Number         0  stubs.o ABSOLUTE
    _printf_llu                              0x00000000   Number         0  stubs.o ABSOLUTE
    _printf_llx                              0x00000000   Number         0  stubs.o ABSOLUTE
    _printf_longlong_dec                     0x00000000   Number         0  stubs.o ABSOLUTE
    _printf_longlong_hex                     0x00000000   Number         0  stubs.o ABSOLUTE
    _printf_longlong_oct                     0x00000000   Number         0  stubs.o ABSOLUTE
    _printf_ls                               0x00000000   Number         0  stubs.o ABSOLUTE
    _printf_mbtowc                           0x00000000   Number         0  stubs.o ABSOLUTE
    _printf_n                                0x00000000   Number         0  stubs.o ABSOLUTE
    _printf_o                                0x00000000   Number         0  stubs.o ABSOLUTE
    _printf_p                                0x00000000   Number         0  stubs.o ABSOLUTE
    _printf_percent                          0x00000000   Number         0  stubs.o ABSOLUTE
    _printf_pre_padding                      0x00000000   Number         0  stubs.o ABSOLUTE
    _printf_return_value                     0x00000000   Number         0  stubs.o ABSOLUTE
    _printf_s                                0x00000000   Number         0  stubs.o ABSOLUTE
    _printf_sizespec                         0x00000000   Number         0  stubs.o ABSOLUTE
    _printf_str                              0x00000000   Number         0  stubs.o ABSOLUTE
    _printf_truncate_signed                  0x00000000   Number         0  stubs.o ABSOLUTE
    _printf_truncate_unsigned                0x00000000   Number         0  stubs.o ABSOLUTE
    _printf_u                                0x00000000   Number         0  stubs.o ABSOLUTE
    _printf_wc                               0x00000000   Number         0  stubs.o ABSOLUTE
    _printf_wctomb                           0x00000000   Number         0  stubs.o ABSOLUTE
    _printf_widthprec                        0x00000000   Number         0  stubs.o ABSOLUTE
    _printf_x                                0x00000000   Number         0  stubs.o ABSOLUTE
    __arm_fini_                               - Undefined Weak Reference
    __cpp_initialize__aeabi_                  - Undefined Weak Reference
    __cxa_finalize                            - Undefined Weak Reference
    __decompress                              - Undefined Weak Reference
    _clock_init                               - Undefined Weak Reference
    _microlib_exit                            - Undefined Weak Reference
    __Vectors_Size                           0x000001ac   Number         0  startup_stm32f427xx.o ABSOLUTE
    __Vectors                                0x08000000   Data           4  startup_stm32f427xx.o(RESET)
    __Vectors_End                            0x080001ac   Data           0  startup_stm32f427xx.o(RESET)
    __main                                   0x080001ad   Thumb Code     0  entry.o(.ARM.Collect$$$$00000000)
    _main_stk                                0x080001ad   Thumb Code     0  entry2.o(.ARM.Collect$$$$00000001)
    _main_scatterload                        0x080001b1   Thumb Code     0  entry5.o(.ARM.Collect$$$$00000004)
    __main_after_scatterload                 0x080001b5   Thumb Code     0  entry5.o(.ARM.Collect$$$$00000004)
    _main_clock                              0x080001b5   Thumb Code     0  entry7b.o(.ARM.Collect$$$$00000008)
    _main_cpp_init                           0x080001b5   Thumb Code     0  entry8b.o(.ARM.Collect$$$$0000000A)
    _main_init                               0x080001b5   Thumb Code     0  entry9a.o(.ARM.Collect$$$$0000000B)
    __rt_lib_shutdown_fini                   0x080001bd   Thumb Code     0  entry12b.o(.ARM.Collect$$$$0000000E)
    __rt_final_cpp                           0x080001c1   Thumb Code     0  entry10a.o(.ARM.Collect$$$$0000000F)
    __rt_final_exit                          0x080001c1   Thumb Code     0  entry11a.o(.ARM.Collect$$$$00000011)
    SVC_Handler                              0x080001c5   Thumb Code    28  port.o(.emb_text)
    __asm___6_port_c_39a90d8d__prvStartFirstTask 0x080001e5   Thumb Code    36  port.o(.emb_text)
    __asm___6_port_c_39a90d8d__prvEnableVFP  0x0800020d   Thumb Code    16  port.o(.emb_text)
    PendSV_Handler                           0x08000221   Thumb Code    88  port.o(.emb_text)
    vPortGetIPSR                             0x0800027d   Thumb Code     6  port.o(.emb_text)
    Reset_Handler                            0x08000285   Thumb Code     8  startup_stm32f427xx.o(.text)
    ADC_IRQHandler                           0x0800029f   Thumb Code     0  startup_stm32f427xx.o(.text)
    CAN1_RX1_IRQHandler                      0x0800029f   Thumb Code     0  startup_stm32f427xx.o(.text)
    CAN1_SCE_IRQHandler                      0x0800029f   Thumb Code     0  startup_stm32f427xx.o(.text)
    CAN1_TX_IRQHandler                       0x0800029f   Thumb Code     0  startup_stm32f427xx.o(.text)
    CAN2_RX1_IRQHandler                      0x0800029f   Thumb Code     0  startup_stm32f427xx.o(.text)
    CAN2_SCE_IRQHandler                      0x0800029f   Thumb Code     0  startup_stm32f427xx.o(.text)
    CAN2_TX_IRQHandler                       0x0800029f   Thumb Code     0  startup_stm32f427xx.o(.text)
    DCMI_IRQHandler                          0x0800029f   Thumb Code     0  startup_stm32f427xx.o(.text)
    DMA1_Stream0_IRQHandler                  0x0800029f   Thumb Code     0  startup_stm32f427xx.o(.text)
    DMA1_Stream1_IRQHandler                  0x0800029f   Thumb Code     0  startup_stm32f427xx.o(.text)
    DMA1_Stream2_IRQHandler                  0x0800029f   Thumb Code     0  startup_stm32f427xx.o(.text)
    DMA1_Stream3_IRQHandler                  0x0800029f   Thumb Code     0  startup_stm32f427xx.o(.text)
    DMA1_Stream6_IRQHandler                  0x0800029f   Thumb Code     0  startup_stm32f427xx.o(.text)
    DMA1_Stream7_IRQHandler                  0x0800029f   Thumb Code     0  startup_stm32f427xx.o(.text)
    DMA2D_IRQHandler                         0x0800029f   Thumb Code     0  startup_stm32f427xx.o(.text)
    DMA2_Stream0_IRQHandler                  0x0800029f   Thumb Code     0  startup_stm32f427xx.o(.text)
    DMA2_Stream1_IRQHandler                  0x0800029f   Thumb Code     0  startup_stm32f427xx.o(.text)
    DMA2_Stream3_IRQHandler                  0x0800029f   Thumb Code     0  startup_stm32f427xx.o(.text)
    DMA2_Stream4_IRQHandler                  0x0800029f   Thumb Code     0  startup_stm32f427xx.o(.text)
    DMA2_Stream5_IRQHandler                  0x0800029f   Thumb Code     0  startup_stm32f427xx.o(.text)
    DMA2_Stream6_IRQHandler                  0x0800029f   Thumb Code     0  startup_stm32f427xx.o(.text)
    DMA2_Stream7_IRQHandler                  0x0800029f   Thumb Code     0  startup_stm32f427xx.o(.text)
    ETH_IRQHandler                           0x0800029f   Thumb Code     0  startup_stm32f427xx.o(.text)
    ETH_WKUP_IRQHandler                      0x0800029f   Thumb Code     0  startup_stm32f427xx.o(.text)
    EXTI0_IRQHandler                         0x0800029f   Thumb Code     0  startup_stm32f427xx.o(.text)
    EXTI15_10_IRQHandler                     0x0800029f   Thumb Code     0  startup_stm32f427xx.o(.text)
    EXTI1_IRQHandler                         0x0800029f   Thumb Code     0  startup_stm32f427xx.o(.text)
    EXTI2_IRQHandler                         0x0800029f   Thumb Code     0  startup_stm32f427xx.o(.text)
    EXTI3_IRQHandler                         0x0800029f   Thumb Code     0  startup_stm32f427xx.o(.text)
    EXTI4_IRQHandler                         0x0800029f   Thumb Code     0  startup_stm32f427xx.o(.text)
    EXTI9_5_IRQHandler                       0x0800029f   Thumb Code     0  startup_stm32f427xx.o(.text)
    FLASH_IRQHandler                         0x0800029f   Thumb Code     0  startup_stm32f427xx.o(.text)
    FMC_IRQHandler                           0x0800029f   Thumb Code     0  startup_stm32f427xx.o(.text)
    FPU_IRQHandler                           0x0800029f   Thumb Code     0  startup_stm32f427xx.o(.text)
    HASH_RNG_IRQHandler                      0x0800029f   Thumb Code     0  startup_stm32f427xx.o(.text)
    I2C1_ER_IRQHandler                       0x0800029f   Thumb Code     0  startup_stm32f427xx.o(.text)
    I2C1_EV_IRQHandler                       0x0800029f   Thumb Code     0  startup_stm32f427xx.o(.text)
    I2C2_ER_IRQHandler                       0x0800029f   Thumb Code     0  startup_stm32f427xx.o(.text)
    I2C2_EV_IRQHandler                       0x0800029f   Thumb Code     0  startup_stm32f427xx.o(.text)
    I2C3_ER_IRQHandler                       0x0800029f   Thumb Code     0  startup_stm32f427xx.o(.text)
    I2C3_EV_IRQHandler                       0x0800029f   Thumb Code     0  startup_stm32f427xx.o(.text)
    OTG_FS_IRQHandler                        0x0800029f   Thumb Code     0  startup_stm32f427xx.o(.text)
    OTG_FS_WKUP_IRQHandler                   0x0800029f   Thumb Code     0  startup_stm32f427xx.o(.text)
    OTG_HS_EP1_IN_IRQHandler                 0x0800029f   Thumb Code     0  startup_stm32f427xx.o(.text)
    OTG_HS_EP1_OUT_IRQHandler                0x0800029f   Thumb Code     0  startup_stm32f427xx.o(.text)
    OTG_HS_IRQHandler                        0x0800029f   Thumb Code     0  startup_stm32f427xx.o(.text)
    OTG_HS_WKUP_IRQHandler                   0x0800029f   Thumb Code     0  startup_stm32f427xx.o(.text)
    PVD_IRQHandler                           0x0800029f   Thumb Code     0  startup_stm32f427xx.o(.text)
    RCC_IRQHandler                           0x0800029f   Thumb Code     0  startup_stm32f427xx.o(.text)
    RTC_Alarm_IRQHandler                     0x0800029f   Thumb Code     0  startup_stm32f427xx.o(.text)
    RTC_WKUP_IRQHandler                      0x0800029f   Thumb Code     0  startup_stm32f427xx.o(.text)
    SAI1_IRQHandler                          0x0800029f   Thumb Code     0  startup_stm32f427xx.o(.text)
    SDIO_IRQHandler                          0x0800029f   Thumb Code     0  startup_stm32f427xx.o(.text)
    SPI1_IRQHandler                          0x0800029f   Thumb Code     0  startup_stm32f427xx.o(.text)
    SPI2_IRQHandler                          0x0800029f   Thumb Code     0  startup_stm32f427xx.o(.text)
    SPI3_IRQHandler                          0x0800029f   Thumb Code     0  startup_stm32f427xx.o(.text)
    SPI4_IRQHandler                          0x0800029f   Thumb Code     0  startup_stm32f427xx.o(.text)
    SPI5_IRQHandler                          0x0800029f   Thumb Code     0  startup_stm32f427xx.o(.text)
    SPI6_IRQHandler                          0x0800029f   Thumb Code     0  startup_stm32f427xx.o(.text)
    TAMP_STAMP_IRQHandler                    0x0800029f   Thumb Code     0  startup_stm32f427xx.o(.text)
    TIM1_BRK_TIM9_IRQHandler                 0x0800029f   Thumb Code     0  startup_stm32f427xx.o(.text)
    TIM1_CC_IRQHandler                       0x0800029f   Thumb Code     0  startup_stm32f427xx.o(.text)
    TIM1_TRG_COM_TIM11_IRQHandler            0x0800029f   Thumb Code     0  startup_stm32f427xx.o(.text)
    TIM1_UP_TIM10_IRQHandler                 0x0800029f   Thumb Code     0  startup_stm32f427xx.o(.text)
    TIM2_IRQHandler                          0x0800029f   Thumb Code     0  startup_stm32f427xx.o(.text)
    TIM3_IRQHandler                          0x0800029f   Thumb Code     0  startup_stm32f427xx.o(.text)
    TIM4_IRQHandler                          0x0800029f   Thumb Code     0  startup_stm32f427xx.o(.text)
    TIM5_IRQHandler                          0x0800029f   Thumb Code     0  startup_stm32f427xx.o(.text)
    TIM7_IRQHandler                          0x0800029f   Thumb Code     0  startup_stm32f427xx.o(.text)
    TIM8_BRK_TIM12_IRQHandler                0x0800029f   Thumb Code     0  startup_stm32f427xx.o(.text)
    TIM8_CC_IRQHandler                       0x0800029f   Thumb Code     0  startup_stm32f427xx.o(.text)
    TIM8_TRG_COM_TIM14_IRQHandler            0x0800029f   Thumb Code     0  startup_stm32f427xx.o(.text)
    TIM8_UP_TIM13_IRQHandler                 0x0800029f   Thumb Code     0  startup_stm32f427xx.o(.text)
    UART5_IRQHandler                         0x0800029f   Thumb Code     0  startup_stm32f427xx.o(.text)
    UART7_IRQHandler                         0x0800029f   Thumb Code     0  startup_stm32f427xx.o(.text)
    UART8_IRQHandler                         0x0800029f   Thumb Code     0  startup_stm32f427xx.o(.text)
    USART6_IRQHandler                        0x0800029f   Thumb Code     0  startup_stm32f427xx.o(.text)
    WWDG_IRQHandler                          0x0800029f   Thumb Code     0  startup_stm32f427xx.o(.text)
    __aeabi_uldivmod                         0x080002a9   Thumb Code    98  uldiv.o(.text)
    __aeabi_memcpy                           0x0800030b   Thumb Code    36  memcpya.o(.text)
    __aeabi_memcpy4                          0x0800030b   Thumb Code     0  memcpya.o(.text)
    __aeabi_memcpy8                          0x0800030b   Thumb Code     0  memcpya.o(.text)
    __aeabi_memset                           0x0800032f   Thumb Code    14  memseta.o(.text)
    __aeabi_memset4                          0x0800032f   Thumb Code     0  memseta.o(.text)
    __aeabi_memset8                          0x0800032f   Thumb Code     0  memseta.o(.text)
    __aeabi_memclr                           0x0800033d   Thumb Code     4  memseta.o(.text)
    __aeabi_memclr4                          0x0800033d   Thumb Code     0  memseta.o(.text)
    __aeabi_memclr8                          0x0800033d   Thumb Code     0  memseta.o(.text)
    memset                                   0x08000341   Thumb Code    18  memseta.o(.text)
    __aeabi_dadd                             0x08000353   Thumb Code   322  dadd.o(.text)
    __aeabi_dsub                             0x08000495   Thumb Code     6  dadd.o(.text)
    __aeabi_drsub                            0x0800049b   Thumb Code     6  dadd.o(.text)
    __aeabi_dmul                             0x080004a1   Thumb Code   228  dmul.o(.text)
    __aeabi_f2d                              0x08000585   Thumb Code    38  f2d.o(.text)
    __aeabi_d2f                              0x080005ab   Thumb Code    56  d2f.o(.text)
    __aeabi_llsl                             0x080005e3   Thumb Code    30  llshl.o(.text)
    _ll_shift_l                              0x080005e3   Thumb Code     0  llshl.o(.text)
    __aeabi_llsr                             0x08000601   Thumb Code    32  llushr.o(.text)
    _ll_ushift_r                             0x08000601   Thumb Code     0  llushr.o(.text)
    __aeabi_lasr                             0x08000621   Thumb Code    36  llsshr.o(.text)
    _ll_sshift_r                             0x08000621   Thumb Code     0  llsshr.o(.text)
    __I$use$fp                               0x08000645   Thumb Code     0  iusefp.o(.text)
    _float_round                             0x08000645   Thumb Code    18  fepilogue.o(.text)
    _float_epilogue                          0x08000657   Thumb Code    92  fepilogue.o(.text)
    _double_round                            0x080006b3   Thumb Code    30  depilogue.o(.text)
    _double_epilogue                         0x080006d1   Thumb Code   156  depilogue.o(.text)
    __scatterload                            0x0800076d   Thumb Code    28  init.o(.text)
    __scatterload_rt2                        0x0800076d   Thumb Code     0  init.o(.text)
    BusFault_Handler                         0x08000791   Thumb Code     4  stm32f4xx_it.o(i.BusFault_Handler)
    CAN1_RX0_IRQHandler                      0x08000795   Thumb Code    10  stm32f4xx_it.o(i.CAN1_RX0_IRQHandler)
    CAN2_RX0_IRQHandler                      0x080007a5   Thumb Code    10  stm32f4xx_it.o(i.CAN2_RX0_IRQHandler)
    CAN_Calc                                 0x080007b5   Thumb Code   246  _can.o(i.CAN_Calc)
    CAN_Filter_Init                          0x080008dd   Thumb Code    94  _can.o(i.CAN_Filter_Init)
    CAN_send                                 0x0800093b   Thumb Code   106  _can.o(i.CAN_send)
    DBUS_Monitor                             0x080009a5   Thumb Code    32  _usart.o(i.DBUS_Monitor)
    DBUS_data                                0x080009c9   Thumb Code   400  _usart.o(i.DBUS_data)
    DBUS_offLine                             0x08000b5d   Thumb Code    54  _usart.o(i.DBUS_offLine)
    DMA1_Stream4_IRQHandler                  0x08000b99   Thumb Code    10  stm32f4xx_it.o(i.DMA1_Stream4_IRQHandler)
    DMA1_Stream5_IRQHandler                  0x08000ba9   Thumb Code    10  stm32f4xx_it.o(i.DMA1_Stream5_IRQHandler)
    DMA2_Stream2_IRQHandler                  0x08000bb9   Thumb Code    10  stm32f4xx_it.o(i.DMA2_Stream2_IRQHandler)
    DebugMon_Handler                         0x08000cd3   Thumb Code     2  stm32f4xx_it.o(i.DebugMon_Handler)
    Error_Handler                            0x08000cd5   Thumb Code     6  main.o(i.Error_Handler)
    GimbalPID_Init                           0x08000cdd   Thumb Code   182  gimbal.o(i.GimbalPID_Init)
    Gimbal_GyroControl                       0x08000db1   Thumb Code   208  gimbal.o(i.Gimbal_GyroControl)
    Gimbal_GyroRemote                        0x08000e95   Thumb Code    68  gimbal.o(i.Gimbal_GyroRemote)
    Gimbal_Stop                              0x08000ee5   Thumb Code   128  gimbal.o(i.Gimbal_Stop)
    Gimbal_VisControl                        0x08000f79   Thumb Code   198  gimbal.o(i.Gimbal_VisControl)
    Gyro_Calc                                0x08001055   Thumb Code   110  gyroscope.o(i.Gyro_Calc)
    HAL_CAN_ActivateNotification             0x080010cd   Thumb Code    42  stm32f4xx_hal_can.o(i.HAL_CAN_ActivateNotification)
    HAL_CAN_AddTxMessage                     0x080010f7   Thumb Code   330  stm32f4xx_hal_can.o(i.HAL_CAN_AddTxMessage)
    HAL_CAN_ConfigFilter                     0x08001241   Thumb Code   286  stm32f4xx_hal_can.o(i.HAL_CAN_ConfigFilter)
    HAL_CAN_ErrorCallback                    0x08001365   Thumb Code     2  stm32f4xx_hal_can.o(i.HAL_CAN_ErrorCallback)
    HAL_CAN_GetRxMessage                     0x08001367   Thumb Code   404  stm32f4xx_hal_can.o(i.HAL_CAN_GetRxMessage)
    HAL_CAN_IRQHandler                       0x080014fb   Thumb Code   590  stm32f4xx_hal_can.o(i.HAL_CAN_IRQHandler)
    HAL_CAN_Init                             0x08001749   Thumb Code   372  stm32f4xx_hal_can.o(i.HAL_CAN_Init)
    HAL_CAN_MspInit                          0x080018bd   Thumb Code   328  can.o(i.HAL_CAN_MspInit)
    HAL_CAN_RxFifo0FullCallback              0x08001a1d   Thumb Code     2  stm32f4xx_hal_can.o(i.HAL_CAN_RxFifo0FullCallback)
    HAL_CAN_RxFifo0MsgPendingCallback        0x08001a21   Thumb Code    66  _can.o(i.HAL_CAN_RxFifo0MsgPendingCallback)
    HAL_CAN_RxFifo1FullCallback              0x08001a7d   Thumb Code     2  stm32f4xx_hal_can.o(i.HAL_CAN_RxFifo1FullCallback)
    HAL_CAN_RxFifo1MsgPendingCallback        0x08001a7f   Thumb Code     2  stm32f4xx_hal_can.o(i.HAL_CAN_RxFifo1MsgPendingCallback)
    HAL_CAN_SleepCallback                    0x08001a81   Thumb Code     2  stm32f4xx_hal_can.o(i.HAL_CAN_SleepCallback)
    HAL_CAN_Start                            0x08001a83   Thumb Code    94  stm32f4xx_hal_can.o(i.HAL_CAN_Start)
    HAL_CAN_TxMailbox0AbortCallback          0x08001ae1   Thumb Code     2  stm32f4xx_hal_can.o(i.HAL_CAN_TxMailbox0AbortCallback)
    HAL_CAN_TxMailbox0CompleteCallback       0x08001ae3   Thumb Code     2  stm32f4xx_hal_can.o(i.HAL_CAN_TxMailbox0CompleteCallback)
    HAL_CAN_TxMailbox1AbortCallback          0x08001ae5   Thumb Code     2  stm32f4xx_hal_can.o(i.HAL_CAN_TxMailbox1AbortCallback)
    HAL_CAN_TxMailbox1CompleteCallback       0x08001ae7   Thumb Code     2  stm32f4xx_hal_can.o(i.HAL_CAN_TxMailbox1CompleteCallback)
    HAL_CAN_TxMailbox2AbortCallback          0x08001ae9   Thumb Code     2  stm32f4xx_hal_can.o(i.HAL_CAN_TxMailbox2AbortCallback)
    HAL_CAN_TxMailbox2CompleteCallback       0x08001aeb   Thumb Code     2  stm32f4xx_hal_can.o(i.HAL_CAN_TxMailbox2CompleteCallback)
    HAL_CAN_WakeUpFromRxMsgCallback          0x08001aed   Thumb Code     2  stm32f4xx_hal_can.o(i.HAL_CAN_WakeUpFromRxMsgCallback)
    HAL_DMA_Abort                            0x08001aef   Thumb Code   172  stm32f4xx_hal_dma.o(i.HAL_DMA_Abort)
    HAL_DMA_Abort_IT                         0x08001b9b   Thumb Code    40  stm32f4xx_hal_dma.o(i.HAL_DMA_Abort_IT)
    HAL_DMA_IRQHandler                       0x08001bc5   Thumb Code   570  stm32f4xx_hal_dma.o(i.HAL_DMA_IRQHandler)
    HAL_DMA_Init                             0x08001e05   Thumb Code   232  stm32f4xx_hal_dma.o(i.HAL_DMA_Init)
    HAL_DMA_Start_IT                         0x08001ef1   Thumb Code   146  stm32f4xx_hal_dma.o(i.HAL_DMA_Start_IT)
    HAL_GPIO_Init                            0x08001f85   Thumb Code   474  stm32f4xx_hal_gpio.o(i.HAL_GPIO_Init)
    HAL_GPIO_WritePin                        0x08002195   Thumb Code    12  stm32f4xx_hal_gpio.o(i.HAL_GPIO_WritePin)
    HAL_GetTick                              0x080021a1   Thumb Code     6  stm32f4xx_hal.o(i.HAL_GetTick)
    HAL_IncTick                              0x080021ad   Thumb Code    16  stm32f4xx_hal.o(i.HAL_IncTick)
    HAL_Init                                 0x080021c5   Thumb Code    54  stm32f4xx_hal.o(i.HAL_Init)
    HAL_InitTick                             0x08002201   Thumb Code   160  stm32f4xx_hal_timebase_tim.o(i.HAL_InitTick)
    HAL_MspInit                              0x080022b5   Thumb Code    78  stm32f4xx_hal_msp.o(i.HAL_MspInit)
    HAL_NVIC_EnableIRQ                       0x08002309   Thumb Code    40  stm32f4xx_hal_cortex.o(i.HAL_NVIC_EnableIRQ)
    HAL_NVIC_SetPriority                     0x08002331   Thumb Code   124  stm32f4xx_hal_cortex.o(i.HAL_NVIC_SetPriority)
    HAL_NVIC_SetPriorityGrouping             0x080023ad   Thumb Code    32  stm32f4xx_hal_cortex.o(i.HAL_NVIC_SetPriorityGrouping)
    HAL_PWREx_EnableOverDrive                0x080023d5   Thumb Code   128  stm32f4xx_hal_pwr_ex.o(i.HAL_PWREx_EnableOverDrive)
    HAL_RCC_ClockConfig                      0x08002461   Thumb Code   368  stm32f4xx_hal_rcc.o(i.HAL_RCC_ClockConfig)
    HAL_RCC_GetClockConfig                   0x080025e5   Thumb Code    58  stm32f4xx_hal_rcc.o(i.HAL_RCC_GetClockConfig)
    HAL_RCC_GetHCLKFreq                      0x08002629   Thumb Code     6  stm32f4xx_hal_rcc.o(i.HAL_RCC_GetHCLKFreq)
    HAL_RCC_GetPCLK1Freq                     0x08002635   Thumb Code    22  stm32f4xx_hal_rcc.o(i.HAL_RCC_GetPCLK1Freq)
    HAL_RCC_GetPCLK2Freq                     0x08002655   Thumb Code    22  stm32f4xx_hal_rcc.o(i.HAL_RCC_GetPCLK2Freq)
    HAL_RCC_GetSysClockFreq                  0x08002675   Thumb Code   162  stm32f4xx_hal_rcc.o(i.HAL_RCC_GetSysClockFreq)
    HAL_RCC_OscConfig                        0x08002725   Thumb Code  1172  stm32f4xx_hal_rcc.o(i.HAL_RCC_OscConfig)
    HAL_TIMEx_BreakCallback                  0x08002bc1   Thumb Code     2  stm32f4xx_hal_tim_ex.o(i.HAL_TIMEx_BreakCallback)
    HAL_TIMEx_CommutCallback                 0x08002bc3   Thumb Code     2  stm32f4xx_hal_tim_ex.o(i.HAL_TIMEx_CommutCallback)
    HAL_TIM_Base_Init                        0x08002bc5   Thumb Code   102  stm32f4xx_hal_tim.o(i.HAL_TIM_Base_Init)
    HAL_TIM_Base_MspInit                     0x08002c2b   Thumb Code     2  stm32f4xx_hal_tim.o(i.HAL_TIM_Base_MspInit)
    HAL_TIM_Base_Start_IT                    0x08002c2d   Thumb Code   138  stm32f4xx_hal_tim.o(i.HAL_TIM_Base_Start_IT)
    HAL_TIM_IC_CaptureCallback               0x08002cd5   Thumb Code     2  stm32f4xx_hal_tim.o(i.HAL_TIM_IC_CaptureCallback)
    HAL_TIM_IRQHandler                       0x08002cd7   Thumb Code   364  stm32f4xx_hal_tim.o(i.HAL_TIM_IRQHandler)
    HAL_TIM_OC_DelayElapsedCallback          0x08002e43   Thumb Code     2  stm32f4xx_hal_tim.o(i.HAL_TIM_OC_DelayElapsedCallback)
    HAL_TIM_PWM_PulseFinishedCallback        0x08002e45   Thumb Code     2  stm32f4xx_hal_tim.o(i.HAL_TIM_PWM_PulseFinishedCallback)
    HAL_TIM_PeriodElapsedCallback            0x08002e49   Thumb Code    18  main.o(i.HAL_TIM_PeriodElapsedCallback)
    HAL_TIM_TriggerCallback                  0x08002e61   Thumb Code     2  stm32f4xx_hal_tim.o(i.HAL_TIM_TriggerCallback)
    HAL_UARTEx_RxEventCallback               0x08002e63   Thumb Code     2  stm32f4xx_hal_uart.o(i.HAL_UARTEx_RxEventCallback)
    HAL_UART_DMAStop                         0x08002e65   Thumb Code   138  stm32f4xx_hal_uart.o(i.HAL_UART_DMAStop)
    HAL_UART_ErrorCallback                   0x08002eef   Thumb Code     2  stm32f4xx_hal_uart.o(i.HAL_UART_ErrorCallback)
    HAL_UART_IRQHandler                      0x08002ef1   Thumb Code   740  stm32f4xx_hal_uart.o(i.HAL_UART_IRQHandler)
    HAL_UART_Init                            0x080031d9   Thumb Code   118  stm32f4xx_hal_uart.o(i.HAL_UART_Init)
    HAL_UART_MspInit                         0x08003251   Thumb Code   690  usart.o(i.HAL_UART_MspInit)
    HAL_UART_Receive_DMA                     0x08003535   Thumb Code    44  stm32f4xx_hal_uart.o(i.HAL_UART_Receive_DMA)
    HAL_UART_RxCpltCallback                  0x08003561   Thumb Code    30  _usart.o(i.HAL_UART_RxCpltCallback)
    HAL_UART_RxHalfCpltCallback              0x0800358d   Thumb Code     2  stm32f4xx_hal_uart.o(i.HAL_UART_RxHalfCpltCallback)
    HAL_UART_Transmit_DMA                    0x08003591   Thumb Code   128  stm32f4xx_hal_uart.o(i.HAL_UART_Transmit_DMA)
    HAL_UART_TxCpltCallback                  0x0800361d   Thumb Code     2  stm32f4xx_hal_uart.o(i.HAL_UART_TxCpltCallback)
    HAL_UART_TxHalfCpltCallback              0x0800361f   Thumb Code     2  stm32f4xx_hal_uart.o(i.HAL_UART_TxHalfCpltCallback)
    HardFault_Handler                        0x08003621   Thumb Code     4  stm32f4xx_it.o(i.HardFault_Handler)
    IntervalLimit                            0x08003625   Thumb Code   102  gimbal.o(i.IntervalLimit)
    LKMF_Data_Read                           0x0800368b   Thumb Code    80  _can.o(i.LKMF_Data_Read)
    LKMF_iq_ctrl                             0x080036db   Thumb Code    90  _can.o(i.LKMF_iq_ctrl)
    LK_MotorResolve                          0x08003735   Thumb Code   188  motor.o(i.LK_MotorResolve)
    MX_CAN1_Init                             0x080037fd   Thumb Code    56  can.o(i.MX_CAN1_Init)
    MX_CAN2_Init                             0x0800383d   Thumb Code    60  can.o(i.MX_CAN2_Init)
    MX_DMA_Init                              0x08003881   Thumb Code   114  dma.o(i.MX_DMA_Init)
    MX_FREERTOS_Init                         0x080038f9   Thumb Code    88  freertos.o(i.MX_FREERTOS_Init)
    MX_GPIO_Init                             0x08003999   Thumb Code   234  gpio.o(i.MX_GPIO_Init)
    MX_UART4_Init                            0x08003a91   Thumb Code    46  usart.o(i.MX_UART4_Init)
    MX_USART1_UART_Init                      0x08003ac9   Thumb Code    60  usart.o(i.MX_USART1_UART_Init)
    MX_USART2_UART_Init                      0x08003b11   Thumb Code    46  usart.o(i.MX_USART2_UART_Init)
    MX_USART3_UART_Init                      0x08003b49   Thumb Code    46  usart.o(i.MX_USART3_UART_Init)
    MemManage_Handler                        0x08003b81   Thumb Code     4  stm32f4xx_it.o(i.MemManage_Handler)
    MotorResolve                             0x08003b85   Thumb Code    62  motor.o(i.MotorResolve)
    MotorRoundResolve                        0x08003bc5   Thumb Code   132  motor.o(i.MotorRoundResolve)
    Motor_IDset                              0x08003c51   Thumb Code    34  motor.o(i.Motor_IDset)
    NMI_Handler                              0x08003c89   Thumb Code     4  stm32f4xx_it.o(i.NMI_Handler)
    PID                                      0x08003c8d   Thumb Code   246  pid.o(i.PID)
    PID_Init                                 0x08003d89   Thumb Code    54  pid.o(i.PID_Init)
    PID_clear                                0x08003dc5   Thumb Code    40  pid.o(i.PID_clear)
    Shoot_Continue                           0x08003df1   Thumb Code    74  shoot.o(i.Shoot_Continue)
    Shoot_Off                                0x08003e45   Thumb Code    50  shoot.o(i.Shoot_Off)
    Shoot_On                                 0x08003e89   Thumb Code    82  shoot.o(i.Shoot_On)
    Shoot_Shoot                              0x08003ee5   Thumb Code    22  shoot.o(i.Shoot_Shoot)
    Shoot_Wheel                              0x08003f09   Thumb Code    64  shoot.o(i.Shoot_Wheel)
    StartCanTask                             0x08003f59   Thumb Code   236  freertos.o(i.StartCanTask)
    StartDefaultTask                         0x08004065   Thumb Code    10  freertos.o(i.StartDefaultTask)
    StartGimbalTask                          0x08004071   Thumb Code   164  gimbal.o(i.StartGimbalTask)
    StartInitTask                            0x0800412d   Thumb Code    78  freertos.o(i.StartInitTask)
    StartMonitorTask                         0x08004199   Thumb Code    24  freertos.o(i.StartMonitorTask)
    StartShootTask                           0x080041b1   Thumb Code   210  shoot.o(i.StartShootTask)
    SysTick_Handler                          0x080042ad   Thumb Code    22  cmsis_os2.o(i.SysTick_Handler)
    SystemClock_Config                       0x080042c5   Thumb Code   180  main.o(i.SystemClock_Config)
    SystemInit                               0x08004381   Thumb Code    14  system_stm32f4xx.o(i.SystemInit)
    TIM6_DAC_IRQHandler                      0x08004395   Thumb Code    10  stm32f4xx_it.o(i.TIM6_DAC_IRQHandler)
    TIM_Base_SetConfig                       0x080043a5   Thumb Code   186  stm32f4xx_hal_tim.o(i.TIM_Base_SetConfig)
    UART4_IRQHandler                         0x0800448d   Thumb Code    10  stm32f4xx_it.o(i.UART4_IRQHandler)
    UART_Start_Receive_DMA                   0x08004a19   Thumb Code   186  stm32f4xx_hal_uart.o(i.UART_Start_Receive_DMA)
    USART1_IRQHandler                        0x08004b41   Thumb Code    28  stm32f4xx_it.o(i.USART1_IRQHandler)
    USART2_IRQHandler                        0x08004b61   Thumb Code    10  stm32f4xx_it.o(i.USART2_IRQHandler)
    USART3_IRQHandler                        0x08004b71   Thumb Code    10  stm32f4xx_it.o(i.USART3_IRQHandler)
    USER_UART_IRQHandler                     0x08004b81   Thumb Code    72  _usart.o(i.USER_UART_IRQHandler)
    UsageFault_Handler                       0x08004bdd   Thumb Code     4  stm32f4xx_it.o(i.UsageFault_Handler)
    VOFA_justfloat                           0x08004be1   Thumb Code   230  vofa.o(i.VOFA_justfloat)
    Vis_Data_resolve                         0x08004cd1   Thumb Code   500  _usart.o(i.Vis_Data_resolve)
    __scatterload_copy                       0x08004f53   Thumb Code    14  handlers.o(i.__scatterload_copy)
    __scatterload_null                       0x08004f61   Thumb Code     2  handlers.o(i.__scatterload_null)
    __scatterload_zeroinit                   0x08004f63   Thumb Code    14  handlers.o(i.__scatterload_zeroinit)
    gimbal_Remotestrafing                    0x08004f71   Thumb Code   168  gimbal.o(i.gimbal_Remotestrafing)
    main                                     0x08005039   Thumb Code    56  main.o(i.main)
    osDelay                                  0x08005071   Thumb Code    30  cmsis_os2.o(i.osDelay)
    osKernelInitialize                       0x08005091   Thumb Code    38  cmsis_os2.o(i.osKernelInitialize)
    osKernelStart                            0x080050bd   Thumb Code    82  cmsis_os2.o(i.osKernelStart)
    osThreadNew                              0x0800511d   Thumb Code   184  cmsis_os2.o(i.osThreadNew)
    pvPortMalloc                             0x08005bf9   Thumb Code   306  heap_4.o(i.pvPortMalloc)
    pxPortInitialiseStack                    0x08005d45   Thumb Code    38  port.o(i.pxPortInitialiseStack)
    uxListRemove                             0x08005d71   Thumb Code    40  list.o(i.uxListRemove)
    vApplicationGetIdleTaskMemory            0x08005d99   Thumb Code    14  cmsis_os2.o(i.vApplicationGetIdleTaskMemory)
    vApplicationGetTimerTaskMemory           0x08005db1   Thumb Code    16  cmsis_os2.o(i.vApplicationGetTimerTaskMemory)
    vApplicationStackOverflowHook            0x08005dc9   Thumb Code     2  freertos.o(i.vApplicationStackOverflowHook)
    vListInitialise                          0x08005dcb   Thumb Code    26  list.o(i.vListInitialise)
    vListInitialiseItem                      0x08005de5   Thumb Code     6  list.o(i.vListInitialiseItem)
    vListInsert                              0x08005deb   Thumb Code    52  list.o(i.vListInsert)
    vListInsertEnd                           0x08005e1f   Thumb Code    24  list.o(i.vListInsertEnd)
    vPortEnterCritical                       0x08005e39   Thumb Code    76  port.o(i.vPortEnterCritical)
    vPortExitCritical                        0x08005e8d   Thumb Code    56  port.o(i.vPortExitCritical)
    vPortFree                                0x08005ec9   Thumb Code   150  heap_4.o(i.vPortFree)
    vPortSetupTimerInterrupt                 0x08005f6d   Thumb Code    36  port.o(i.vPortSetupTimerInterrupt)
    vPortValidateInterruptPriority           0x08005f95   Thumb Code   106  port.o(i.vPortValidateInterruptPriority)
    vQueueAddToRegistry                      0x0800600d   Thumb Code    38  queue.o(i.vQueueAddToRegistry)
    vQueueWaitForMessageRestricted           0x08006039   Thumb Code    74  queue.o(i.vQueueWaitForMessageRestricted)
    vTaskDelay                               0x08006085   Thumb Code    82  tasks.o(i.vTaskDelay)
    vTaskDelayUntil                          0x080060e1   Thumb Code   200  tasks.o(i.vTaskDelayUntil)
    vTaskDelete                              0x080061b5   Thumb Code   168  tasks.o(i.vTaskDelete)
    vTaskInternalSetTimeOutState             0x0800627d   Thumb Code    14  tasks.o(i.vTaskInternalSetTimeOutState)
    vTaskMissedYield                         0x08006295   Thumb Code     8  tasks.o(i.vTaskMissedYield)
    vTaskPlaceOnEventList                    0x080062a1   Thumb Code    52  tasks.o(i.vTaskPlaceOnEventList)
    vTaskPlaceOnEventListRestricted          0x080062d9   Thumb Code    60  tasks.o(i.vTaskPlaceOnEventListRestricted)
    vTaskStartScheduler                      0x08006319   Thumb Code   156  tasks.o(i.vTaskStartScheduler)
    vTaskSuspendAll                          0x080063d1   Thumb Code    12  tasks.o(i.vTaskSuspendAll)
    vTaskSwitchContext                       0x080063e1   Thumb Code   152  tasks.o(i.vTaskSwitchContext)
    xPortStartScheduler                      0x0800648d   Thumb Code   330  port.o(i.xPortStartScheduler)
    xPortSysTickHandler                      0x080065f5   Thumb Code    46  port.o(i.xPortSysTickHandler)
    xQueueGenericCreateStatic                0x08006629   Thumb Code   224  queue.o(i.xQueueGenericCreateStatic)
    xQueueGenericReset                       0x08006709   Thumb Code   146  queue.o(i.xQueueGenericReset)
    xQueueGenericSend                        0x080067a1   Thumb Code   420  queue.o(i.xQueueGenericSend)
    xQueueGenericSendFromISR                 0x08006949   Thumb Code   252  queue.o(i.xQueueGenericSendFromISR)
    xQueueReceive                            0x08006a45   Thumb Code   356  queue.o(i.xQueueReceive)
    xTaskCheckForTimeOut                     0x08006bad   Thumb Code   132  tasks.o(i.xTaskCheckForTimeOut)
    xTaskCreate                              0x08006c39   Thumb Code   100  tasks.o(i.xTaskCreate)
    xTaskCreateStatic                        0x08006c9d   Thumb Code   186  tasks.o(i.xTaskCreateStatic)
    xTaskGetSchedulerState                   0x08006d59   Thumb Code    24  tasks.o(i.xTaskGetSchedulerState)
    xTaskGetTickCount                        0x08006d79   Thumb Code     6  tasks.o(i.xTaskGetTickCount)
    xTaskIncrementTick                       0x08006d85   Thumb Code   280  tasks.o(i.xTaskIncrementTick)
    xTaskPriorityDisinherit                  0x08006ec9   Thumb Code   152  tasks.o(i.xTaskPriorityDisinherit)
    xTaskRemoveFromEventList                 0x08006f6d   Thumb Code   126  tasks.o(i.xTaskRemoveFromEventList)
    xTaskResumeAll                           0x08007005   Thumb Code   222  tasks.o(i.xTaskResumeAll)
    xTimerCreateTimerTask                    0x08007109   Thumb Code   100  timers.o(i.xTimerCreateTimerTask)
    xTimerGenericCommand                     0x08007181   Thumb Code   128  timers.o(i.xTimerGenericCommand)
    defaultTask_attributes                   0x08007204   Data          36  freertos.o(.constdata)
    ShootTask_attributes                     0x08007228   Data          36  freertos.o(.constdata)
    GimbalTask_attributes                    0x0800724c   Data          36  freertos.o(.constdata)
    MonitorTask_attributes                   0x08007270   Data          36  freertos.o(.constdata)
    InitTask_attributes                      0x08007294   Data          36  freertos.o(.constdata)
    CanTask_attributes                       0x080072b8   Data          36  freertos.o(.constdata)
    AHBPrescTable                            0x080072e4   Data          16  system_stm32f4xx.o(.constdata)
    APBPrescTable                            0x080072f4   Data           8  system_stm32f4xx.o(.constdata)
    Region$$Table$$Base                      0x080073ac   Number         0  anon$$obj.o(Region$$Table)
    Region$$Table$$Limit                     0x080073cc   Number         0  anon$$obj.o(Region$$Table)
    defaultTaskHandle                        0x20000000   Data           4  freertos.o(.data)
    ShootTaskHandle                          0x20000004   Data           4  freertos.o(.data)
    GimbalTaskHandle                         0x20000008   Data           4  freertos.o(.data)
    MonitorTaskHandle                        0x2000000c   Data           4  freertos.o(.data)
    InitTaskHandle                           0x20000010   Data           4  freertos.o(.data)
    CanTaskHandle                            0x20000014   Data           4  freertos.o(.data)
    num1                                     0x20000018   Data           4  freertos.o(.data)
    num2                                     0x2000001c   Data           4  freertos.o(.data)
    uwTick                                   0x20000024   Data           4  stm32f4xx_hal.o(.data)
    uwTickPrio                               0x20000028   Data           4  stm32f4xx_hal.o(.data)
    uwTickFreq                               0x2000002c   Data           1  stm32f4xx_hal.o(.data)
    SystemCoreClock                          0x20000030   Data           4  system_stm32f4xx.o(.data)
    pxCurrentTCB                             0x20000034   Data           4  tasks.o(.data)
    CAN1RXmessage                            0x200000b4   Data           8  _can.o(.data)
    CAN2RXmessage                            0x200000bc   Data           8  _can.o(.data)
    DBUS_Num                                 0x200000c4   Data           2  _usart.o(.data)
    Lasttarget                               0x200000c8   Data           4  _usart.o(.data)
    lastpre_y                                0x200000cc   Data           4  _usart.o(.data)
    lastpre_x                                0x200000d0   Data           4  _usart.o(.data)
    Vis_Check                                0x200000d4   Data           4  _usart.o(.data)
    X_P                                      0x200000d8   Data           2  _usart.o(.data)
    Y_P                                      0x200000da   Data           2  _usart.o(.data)
    GyroX                                    0x200000dc   Data           4  _usart.o(.data)
    GyroY                                    0x200000e0   Data           4  _usart.o(.data)
    correct                                  0x200000e4   Data           4  gimbal.o(.data)
    Gyrotemp                                 0x200000e8   Data           4  gimbal.o(.data)
    a                                        0x200000ec   Data           4  gimbal.o(.data)
    b                                        0x200000f0   Data           4  gimbal.o(.data)
    GimbalTaskState                          0x200000f4   Data           4  gimbal.o(.data)
    Yaw_Count                                0x200000f8   Data           2  gimbal.o(.data)
    __stdout                                 0x200000fc   Data           4  stdout.o(.data)
    hcan1                                    0x20000100   Data          40  can.o(.bss)
    hcan2                                    0x20000128   Data          40  can.o(.bss)
    huart4                                   0x20000150   Data          72  usart.o(.bss)
    huart1                                   0x20000198   Data          72  usart.o(.bss)
    huart2                                   0x200001e0   Data          72  usart.o(.bss)
    huart3                                   0x20000228   Data          72  usart.o(.bss)
    hdma_uart4_tx                            0x20000270   Data          96  usart.o(.bss)
    hdma_usart1_rx                           0x200002d0   Data          96  usart.o(.bss)
    hdma_usart2_rx                           0x20000330   Data          96  usart.o(.bss)
    htim6                                    0x20000390   Data          72  stm32f4xx_hal_timebase_tim.o(.bss)
    xQueueRegistry                           0x200003d8   Data          64  queue.o(.bss)
    rx1                                      0x20004cac   Data          28  _can.o(.bss)
    rx2                                      0x20004cc8   Data          28  _can.o(.bss)
    status                                   0x20004ce4   Data          17  _can.o(.bss)
    DBUS_Data                                0x20004cf8   Data          18  _usart.o(.bss)
    remote_t                                 0x20004d0a   Data          22  _usart.o(.bss)
    Vis_Data                                 0x20004d20   Data          15  _usart.o(.bss)
    VisMaster                                0x20004d30   Data          28  _usart.o(.bss)
    Tx                                       0x20004d4c   Data          16  _usart.o(.bss)
    data                                     0x20004d5c   Data          44  vofa.o(.bss)
    GM6020_Pitch                             0x20004d88   Data         128  motor.o(.bss)
    RM3508_Yaw                               0x20004e08   Data         128  motor.o(.bss)
    RM3508_Right                             0x20004e88   Data         128  motor.o(.bss)
    RM3508_Left                              0x20004f08   Data         128  motor.o(.bss)
    RM2006_Shoot                             0x20004f88   Data         128  motor.o(.bss)
    MG4005_Pitch                             0x20005008   Data         128  motor.o(.bss)
    Gyro                                     0x20005088   Data          36  gyroscope.o(.bss)
    Shoot_Master                             0x200050ac   Data          20  shoot.o(.bss)
    Gimbal_Master                            0x200050c0   Data         496  gimbal.o(.bss)
    __initial_sp                             0x200056b0   Data           0  startup_stm32f427xx.o(STACK)



==============================================================================

Memory Map of the image

  Image Entry point : 0x080001ad

  Load Region LR_IROM1 (Base: 0x08000000, Size: 0x000074cc, Max: 0x00200000, ABSOLUTE)

    Execution Region ER_IROM1 (Exec base: 0x08000000, Load base: 0x08000000, Size: 0x000073cc, Max: 0x00200000, ABSOLUTE)

    Exec Addr    Load Addr    Size         Type   Attr      Idx    E Section Name        Object

    0x08000000   0x08000000   0x000001ac   Data   RO            3    RESET               startup_stm32f427xx.o
    0x080001ac   0x080001ac   0x00000000   Code   RO         6226  * .ARM.Collect$$$$00000000  mc_w.l(entry.o)
    0x080001ac   0x080001ac   0x00000004   Code   RO         6515    .ARM.Collect$$$$00000001  mc_w.l(entry2.o)
    0x080001b0   0x080001b0   0x00000004   Code   RO         6518    .ARM.Collect$$$$00000004  mc_w.l(entry5.o)
    0x080001b4   0x080001b4   0x00000000   Code   RO         6520    .ARM.Collect$$$$00000008  mc_w.l(entry7b.o)
    0x080001b4   0x080001b4   0x00000000   Code   RO         6522    .ARM.Collect$$$$0000000A  mc_w.l(entry8b.o)
    0x080001b4   0x080001b4   0x00000008   Code   RO         6523    .ARM.Collect$$$$0000000B  mc_w.l(entry9a.o)
    0x080001bc   0x080001bc   0x00000004   Code   RO         6530    .ARM.Collect$$$$0000000E  mc_w.l(entry12b.o)
    0x080001c0   0x080001c0   0x00000000   Code   RO         6525    .ARM.Collect$$$$0000000F  mc_w.l(entry10a.o)
    0x080001c0   0x080001c0   0x00000000   Code   RO         6527    .ARM.Collect$$$$00000011  mc_w.l(entry11a.o)
    0x080001c0   0x080001c0   0x00000004   Code   RO         6516    .ARM.Collect$$$$00002712  mc_w.l(entry2.o)
    0x080001c4   0x080001c4   0x000000be   Code   RO         5317    .emb_text           port.o
    0x08000282   0x08000282   0x00000002   PAD
    0x08000284   0x08000284   0x00000024   Code   RO            4    .text               startup_stm32f427xx.o
    0x080002a8   0x080002a8   0x00000062   Code   RO         6232    .text               mc_w.l(uldiv.o)
    0x0800030a   0x0800030a   0x00000024   Code   RO         6234    .text               mc_w.l(memcpya.o)
    0x0800032e   0x0800032e   0x00000024   Code   RO         6238    .text               mc_w.l(memseta.o)
    0x08000352   0x08000352   0x0000014e   Code   RO         6507    .text               mf_w.l(dadd.o)
    0x080004a0   0x080004a0   0x000000e4   Code   RO         6509    .text               mf_w.l(dmul.o)
    0x08000584   0x08000584   0x00000026   Code   RO         6511    .text               mf_w.l(f2d.o)
    0x080005aa   0x080005aa   0x00000038   Code   RO         6513    .text               mf_w.l(d2f.o)
    0x080005e2   0x080005e2   0x0000001e   Code   RO         6535    .text               mc_w.l(llshl.o)
    0x08000600   0x08000600   0x00000020   Code   RO         6537    .text               mc_w.l(llushr.o)
    0x08000620   0x08000620   0x00000024   Code   RO         6539    .text               mc_w.l(llsshr.o)
    0x08000644   0x08000644   0x00000000   Code   RO         6541    .text               mc_w.l(iusefp.o)
    0x08000644   0x08000644   0x0000006e   Code   RO         6542    .text               mf_w.l(fepilogue.o)
    0x080006b2   0x080006b2   0x000000ba   Code   RO         6544    .text               mf_w.l(depilogue.o)
    0x0800076c   0x0800076c   0x00000024   Code   RO         6552    .text               mc_w.l(init.o)
    0x08000790   0x08000790   0x00000004   Code   RO          495    i.BusFault_Handler  stm32f4xx_it.o
    0x08000794   0x08000794   0x00000010   Code   RO          496    i.CAN1_RX0_IRQHandler  stm32f4xx_it.o
    0x080007a4   0x080007a4   0x00000010   Code   RO          497    i.CAN2_RX0_IRQHandler  stm32f4xx_it.o
    0x080007b4   0x080007b4   0x00000128   Code   RO         5397    i.CAN_Calc          _can.o
    0x080008dc   0x080008dc   0x0000005e   Code   RO         5398    i.CAN_Filter_Init   _can.o
    0x0800093a   0x0800093a   0x0000006a   Code   RO         5399    i.CAN_send          _can.o
    0x080009a4   0x080009a4   0x00000024   Code   RO         5461    i.DBUS_Monitor      _usart.o
    0x080009c8   0x080009c8   0x00000194   Code   RO         5462    i.DBUS_data         _usart.o
    0x08000b5c   0x08000b5c   0x0000003c   Code   RO         5463    i.DBUS_offLine      _usart.o
    0x08000b98   0x08000b98   0x00000010   Code   RO          498    i.DMA1_Stream4_IRQHandler  stm32f4xx_it.o
    0x08000ba8   0x08000ba8   0x00000010   Code   RO          499    i.DMA1_Stream5_IRQHandler  stm32f4xx_it.o
    0x08000bb8   0x08000bb8   0x00000010   Code   RO          500    i.DMA2_Stream2_IRQHandler  stm32f4xx_it.o
    0x08000bc8   0x08000bc8   0x00000034   Code   RO         1471    i.DMA_CalcBaseAndBitshift  stm32f4xx_hal_dma.o
    0x08000bfc   0x08000bfc   0x000000aa   Code   RO         1472    i.DMA_CheckFifoParam  stm32f4xx_hal_dma.o
    0x08000ca6   0x08000ca6   0x0000002c   Code   RO         1473    i.DMA_SetConfig     stm32f4xx_hal_dma.o
    0x08000cd2   0x08000cd2   0x00000002   Code   RO          501    i.DebugMon_Handler  stm32f4xx_it.o
    0x08000cd4   0x08000cd4   0x00000006   Code   RO           13    i.Error_Handler     main.o
    0x08000cda   0x08000cda   0x00000002   PAD
    0x08000cdc   0x08000cdc   0x000000d4   Code   RO         6102    i.GimbalPID_Init    gimbal.o
    0x08000db0   0x08000db0   0x000000e4   Code   RO         6104    i.Gimbal_GyroControl  gimbal.o
    0x08000e94   0x08000e94   0x00000050   Code   RO         6105    i.Gimbal_GyroRemote  gimbal.o
    0x08000ee4   0x08000ee4   0x00000094   Code   RO         6106    i.Gimbal_Stop       gimbal.o
    0x08000f78   0x08000f78   0x000000dc   Code   RO         6107    i.Gimbal_VisControl  gimbal.o
    0x08001054   0x08001054   0x00000078   Code   RO         5652    i.Gyro_Calc         gyroscope.o
    0x080010cc   0x080010cc   0x0000002a   Code   RO          677    i.HAL_CAN_ActivateNotification  stm32f4xx_hal_can.o
    0x080010f6   0x080010f6   0x0000014a   Code   RO          678    i.HAL_CAN_AddTxMessage  stm32f4xx_hal_can.o
    0x08001240   0x08001240   0x00000124   Code   RO          679    i.HAL_CAN_ConfigFilter  stm32f4xx_hal_can.o
    0x08001364   0x08001364   0x00000002   Code   RO          682    i.HAL_CAN_ErrorCallback  stm32f4xx_hal_can.o
    0x08001366   0x08001366   0x00000194   Code   RO          685    i.HAL_CAN_GetRxMessage  stm32f4xx_hal_can.o
    0x080014fa   0x080014fa   0x0000024e   Code   RO          689    i.HAL_CAN_IRQHandler  stm32f4xx_hal_can.o
    0x08001748   0x08001748   0x00000174   Code   RO          690    i.HAL_CAN_Init      stm32f4xx_hal_can.o
    0x080018bc   0x080018bc   0x00000160   Code   RO          363    i.HAL_CAN_MspInit   can.o
    0x08001a1c   0x08001a1c   0x00000002   Code   RO          697    i.HAL_CAN_RxFifo0FullCallback  stm32f4xx_hal_can.o
    0x08001a1e   0x08001a1e   0x00000002   PAD
    0x08001a20   0x08001a20   0x0000005c   Code   RO         5400    i.HAL_CAN_RxFifo0MsgPendingCallback  _can.o
    0x08001a7c   0x08001a7c   0x00000002   Code   RO          699    i.HAL_CAN_RxFifo1FullCallback  stm32f4xx_hal_can.o
    0x08001a7e   0x08001a7e   0x00000002   Code   RO          700    i.HAL_CAN_RxFifo1MsgPendingCallback  stm32f4xx_hal_can.o
    0x08001a80   0x08001a80   0x00000002   Code   RO          701    i.HAL_CAN_SleepCallback  stm32f4xx_hal_can.o
    0x08001a82   0x08001a82   0x0000005e   Code   RO          702    i.HAL_CAN_Start     stm32f4xx_hal_can.o
    0x08001ae0   0x08001ae0   0x00000002   Code   RO          704    i.HAL_CAN_TxMailbox0AbortCallback  stm32f4xx_hal_can.o
    0x08001ae2   0x08001ae2   0x00000002   Code   RO          705    i.HAL_CAN_TxMailbox0CompleteCallback  stm32f4xx_hal_can.o
    0x08001ae4   0x08001ae4   0x00000002   Code   RO          706    i.HAL_CAN_TxMailbox1AbortCallback  stm32f4xx_hal_can.o
    0x08001ae6   0x08001ae6   0x00000002   Code   RO          707    i.HAL_CAN_TxMailbox1CompleteCallback  stm32f4xx_hal_can.o
    0x08001ae8   0x08001ae8   0x00000002   Code   RO          708    i.HAL_CAN_TxMailbox2AbortCallback  stm32f4xx_hal_can.o
    0x08001aea   0x08001aea   0x00000002   Code   RO          709    i.HAL_CAN_TxMailbox2CompleteCallback  stm32f4xx_hal_can.o
    0x08001aec   0x08001aec   0x00000002   Code   RO          711    i.HAL_CAN_WakeUpFromRxMsgCallback  stm32f4xx_hal_can.o
    0x08001aee   0x08001aee   0x000000ac   Code   RO         1474    i.HAL_DMA_Abort     stm32f4xx_hal_dma.o
    0x08001b9a   0x08001b9a   0x00000028   Code   RO         1475    i.HAL_DMA_Abort_IT  stm32f4xx_hal_dma.o
    0x08001bc2   0x08001bc2   0x00000002   PAD
    0x08001bc4   0x08001bc4   0x00000240   Code   RO         1479    i.HAL_DMA_IRQHandler  stm32f4xx_hal_dma.o
    0x08001e04   0x08001e04   0x000000ec   Code   RO         1480    i.HAL_DMA_Init      stm32f4xx_hal_dma.o
    0x08001ef0   0x08001ef0   0x00000092   Code   RO         1484    i.HAL_DMA_Start_IT  stm32f4xx_hal_dma.o
    0x08001f82   0x08001f82   0x00000002   PAD
    0x08001f84   0x08001f84   0x00000210   Code   RO         1367    i.HAL_GPIO_Init     stm32f4xx_hal_gpio.o
    0x08002194   0x08002194   0x0000000c   Code   RO         1371    i.HAL_GPIO_WritePin  stm32f4xx_hal_gpio.o
    0x080021a0   0x080021a0   0x0000000c   Code   RO         1930    i.HAL_GetTick       stm32f4xx_hal.o
    0x080021ac   0x080021ac   0x00000018   Code   RO         1936    i.HAL_IncTick       stm32f4xx_hal.o
    0x080021c4   0x080021c4   0x0000003c   Code   RO         1937    i.HAL_Init          stm32f4xx_hal.o
    0x08002200   0x08002200   0x000000b4   Code   RO          637    i.HAL_InitTick      stm32f4xx_hal_timebase_tim.o
    0x080022b4   0x080022b4   0x00000054   Code   RO          613    i.HAL_MspInit       stm32f4xx_hal_msp.o
    0x08002308   0x08002308   0x00000028   Code   RO         1775    i.HAL_NVIC_EnableIRQ  stm32f4xx_hal_cortex.o
    0x08002330   0x08002330   0x0000007c   Code   RO         1781    i.HAL_NVIC_SetPriority  stm32f4xx_hal_cortex.o
    0x080023ac   0x080023ac   0x00000028   Code   RO         1782    i.HAL_NVIC_SetPriorityGrouping  stm32f4xx_hal_cortex.o
    0x080023d4   0x080023d4   0x0000008c   Code   RO         1703    i.HAL_PWREx_EnableOverDrive  stm32f4xx_hal_pwr_ex.o
    0x08002460   0x08002460   0x00000184   Code   RO          911    i.HAL_RCC_ClockConfig  stm32f4xx_hal_rcc.o
    0x080025e4   0x080025e4   0x00000044   Code   RO          915    i.HAL_RCC_GetClockConfig  stm32f4xx_hal_rcc.o
    0x08002628   0x08002628   0x0000000c   Code   RO          916    i.HAL_RCC_GetHCLKFreq  stm32f4xx_hal_rcc.o
    0x08002634   0x08002634   0x00000020   Code   RO          918    i.HAL_RCC_GetPCLK1Freq  stm32f4xx_hal_rcc.o
    0x08002654   0x08002654   0x00000020   Code   RO          919    i.HAL_RCC_GetPCLK2Freq  stm32f4xx_hal_rcc.o
    0x08002674   0x08002674   0x000000b0   Code   RO          920    i.HAL_RCC_GetSysClockFreq  stm32f4xx_hal_rcc.o
    0x08002724   0x08002724   0x0000049c   Code   RO          923    i.HAL_RCC_OscConfig  stm32f4xx_hal_rcc.o
    0x08002bc0   0x08002bc0   0x00000002   Code   RO         2902    i.HAL_TIMEx_BreakCallback  stm32f4xx_hal_tim_ex.o
    0x08002bc2   0x08002bc2   0x00000002   Code   RO         2903    i.HAL_TIMEx_CommutCallback  stm32f4xx_hal_tim_ex.o
    0x08002bc4   0x08002bc4   0x00000066   Code   RO         2187    i.HAL_TIM_Base_Init  stm32f4xx_hal_tim.o
    0x08002c2a   0x08002c2a   0x00000002   Code   RO         2189    i.HAL_TIM_Base_MspInit  stm32f4xx_hal_tim.o
    0x08002c2c   0x08002c2c   0x000000a8   Code   RO         2192    i.HAL_TIM_Base_Start_IT  stm32f4xx_hal_tim.o
    0x08002cd4   0x08002cd4   0x00000002   Code   RO         2221    i.HAL_TIM_IC_CaptureCallback  stm32f4xx_hal_tim.o
    0x08002cd6   0x08002cd6   0x0000016c   Code   RO         2235    i.HAL_TIM_IRQHandler  stm32f4xx_hal_tim.o
    0x08002e42   0x08002e42   0x00000002   Code   RO         2238    i.HAL_TIM_OC_DelayElapsedCallback  stm32f4xx_hal_tim.o
    0x08002e44   0x08002e44   0x00000002   Code   RO         2265    i.HAL_TIM_PWM_PulseFinishedCallback  stm32f4xx_hal_tim.o
    0x08002e46   0x08002e46   0x00000002   PAD
    0x08002e48   0x08002e48   0x00000018   Code   RO           14    i.HAL_TIM_PeriodElapsedCallback  main.o
    0x08002e60   0x08002e60   0x00000002   Code   RO         2278    i.HAL_TIM_TriggerCallback  stm32f4xx_hal_tim.o
    0x08002e62   0x08002e62   0x00000002   Code   RO         3181    i.HAL_UARTEx_RxEventCallback  stm32f4xx_hal_uart.o
    0x08002e64   0x08002e64   0x0000008a   Code   RO         3193    i.HAL_UART_DMAStop  stm32f4xx_hal_uart.o
    0x08002eee   0x08002eee   0x00000002   Code   RO         3195    i.HAL_UART_ErrorCallback  stm32f4xx_hal_uart.o
    0x08002ef0   0x08002ef0   0x000002e8   Code   RO         3198    i.HAL_UART_IRQHandler  stm32f4xx_hal_uart.o
    0x080031d8   0x080031d8   0x00000076   Code   RO         3199    i.HAL_UART_Init     stm32f4xx_hal_uart.o
    0x0800324e   0x0800324e   0x00000002   PAD
    0x08003250   0x08003250   0x000002e4   Code   RO          436    i.HAL_UART_MspInit  usart.o
    0x08003534   0x08003534   0x0000002c   Code   RO         3203    i.HAL_UART_Receive_DMA  stm32f4xx_hal_uart.o
    0x08003560   0x08003560   0x0000002c   Code   RO         5464    i.HAL_UART_RxCpltCallback  _usart.o
    0x0800358c   0x0800358c   0x00000002   Code   RO         3206    i.HAL_UART_RxHalfCpltCallback  stm32f4xx_hal_uart.o
    0x0800358e   0x0800358e   0x00000002   PAD
    0x08003590   0x08003590   0x0000008c   Code   RO         3208    i.HAL_UART_Transmit_DMA  stm32f4xx_hal_uart.o
    0x0800361c   0x0800361c   0x00000002   Code   RO         3210    i.HAL_UART_TxCpltCallback  stm32f4xx_hal_uart.o
    0x0800361e   0x0800361e   0x00000002   Code   RO         3211    i.HAL_UART_TxHalfCpltCallback  stm32f4xx_hal_uart.o
    0x08003620   0x08003620   0x00000004   Code   RO          502    i.HardFault_Handler  stm32f4xx_it.o
    0x08003624   0x08003624   0x00000066   Code   RO         6108    i.IntervalLimit     gimbal.o
    0x0800368a   0x0800368a   0x00000050   Code   RO         5401    i.LKMF_Data_Read    _can.o
    0x080036da   0x080036da   0x0000005a   Code   RO         5402    i.LKMF_iq_ctrl      _can.o
    0x08003734   0x08003734   0x000000c8   Code   RO         5558    i.LK_MotorResolve   motor.o
    0x080037fc   0x080037fc   0x00000040   Code   RO          364    i.MX_CAN1_Init      can.o
    0x0800383c   0x0800383c   0x00000044   Code   RO          365    i.MX_CAN2_Init      can.o
    0x08003880   0x08003880   0x00000078   Code   RO          411    i.MX_DMA_Init       dma.o
    0x080038f8   0x080038f8   0x000000a0   Code   RO          280    i.MX_FREERTOS_Init  freertos.o
    0x08003998   0x08003998   0x000000f8   Code   RO          252    i.MX_GPIO_Init      gpio.o
    0x08003a90   0x08003a90   0x00000038   Code   RO          437    i.MX_UART4_Init     usart.o
    0x08003ac8   0x08003ac8   0x00000048   Code   RO          438    i.MX_USART1_UART_Init  usart.o
    0x08003b10   0x08003b10   0x00000038   Code   RO          439    i.MX_USART2_UART_Init  usart.o
    0x08003b48   0x08003b48   0x00000038   Code   RO          440    i.MX_USART3_UART_Init  usart.o
    0x08003b80   0x08003b80   0x00000004   Code   RO          503    i.MemManage_Handler  stm32f4xx_it.o
    0x08003b84   0x08003b84   0x0000003e   Code   RO         5559    i.MotorResolve      motor.o
    0x08003bc2   0x08003bc2   0x00000002   PAD
    0x08003bc4   0x08003bc4   0x0000008c   Code   RO         5560    i.MotorRoundResolve  motor.o
    0x08003c50   0x08003c50   0x00000038   Code   RO         5561    i.Motor_IDset       motor.o
    0x08003c88   0x08003c88   0x00000004   Code   RO          504    i.NMI_Handler       stm32f4xx_it.o
    0x08003c8c   0x08003c8c   0x000000fc   Code   RO         5615    i.PID               pid.o
    0x08003d88   0x08003d88   0x0000003c   Code   RO         5616    i.PID_Init          pid.o
    0x08003dc4   0x08003dc4   0x0000002c   Code   RO         5617    i.PID_clear         pid.o
    0x08003df0   0x08003df0   0x00000054   Code   RO         6010    i.Shoot_Continue    shoot.o
    0x08003e44   0x08003e44   0x00000044   Code   RO         6011    i.Shoot_Off         shoot.o
    0x08003e88   0x08003e88   0x0000005c   Code   RO         6012    i.Shoot_On          shoot.o
    0x08003ee4   0x08003ee4   0x00000024   Code   RO         6013    i.Shoot_Shoot       shoot.o
    0x08003f08   0x08003f08   0x00000050   Code   RO         6014    i.Shoot_Wheel       shoot.o
    0x08003f58   0x08003f58   0x0000010c   Code   RO          281    i.StartCanTask      freertos.o
    0x08004064   0x08004064   0x0000000a   Code   RO          282    i.StartDefaultTask  freertos.o
    0x0800406e   0x0800406e   0x00000002   PAD
    0x08004070   0x08004070   0x000000bc   Code   RO         6109    i.StartGimbalTask   gimbal.o
    0x0800412c   0x0800412c   0x0000006c   Code   RO          284    i.StartInitTask     freertos.o
    0x08004198   0x08004198   0x00000018   Code   RO          285    i.StartMonitorTask  freertos.o
    0x080041b0   0x080041b0   0x000000fc   Code   RO         6015    i.StartShootTask    shoot.o
    0x080042ac   0x080042ac   0x00000016   Code   RO         4738    i.SysTick_Handler   cmsis_os2.o
    0x080042c2   0x080042c2   0x00000002   PAD
    0x080042c4   0x080042c4   0x000000bc   Code   RO           15    i.SystemClock_Config  main.o
    0x08004380   0x08004380   0x00000014   Code   RO         3543    i.SystemInit        system_stm32f4xx.o
    0x08004394   0x08004394   0x00000010   Code   RO          505    i.TIM6_DAC_IRQHandler  stm32f4xx_it.o
    0x080043a4   0x080043a4   0x000000e8   Code   RO         2280    i.TIM_Base_SetConfig  stm32f4xx_hal_tim.o
    0x0800448c   0x0800448c   0x00000010   Code   RO          506    i.UART4_IRQHandler  stm32f4xx_it.o
    0x0800449c   0x0800449c   0x00000014   Code   RO         3212    i.UART_DMAAbortOnError  stm32f4xx_hal_uart.o
    0x080044b0   0x080044b0   0x00000050   Code   RO         3213    i.UART_DMAError     stm32f4xx_hal_uart.o
    0x08004500   0x08004500   0x000000b4   Code   RO         3214    i.UART_DMAReceiveCplt  stm32f4xx_hal_uart.o
    0x080045b4   0x080045b4   0x00000024   Code   RO         3216    i.UART_DMARxHalfCplt  stm32f4xx_hal_uart.o
    0x080045d8   0x080045d8   0x00000058   Code   RO         3218    i.UART_DMATransmitCplt  stm32f4xx_hal_uart.o
    0x08004630   0x08004630   0x0000000e   Code   RO         3220    i.UART_DMATxHalfCplt  stm32f4xx_hal_uart.o
    0x0800463e   0x0800463e   0x0000006c   Code   RO         3222    i.UART_EndRxTransfer  stm32f4xx_hal_uart.o
    0x080046aa   0x080046aa   0x00000020   Code   RO         3223    i.UART_EndTransmit_IT  stm32f4xx_hal_uart.o
    0x080046ca   0x080046ca   0x00000026   Code   RO         3224    i.UART_EndTxTransfer  stm32f4xx_hal_uart.o
    0x080046f0   0x080046f0   0x000000fc   Code   RO         3225    i.UART_Receive_IT   stm32f4xx_hal_uart.o
    0x080047ec   0x080047ec   0x0000022c   Code   RO         3226    i.UART_SetConfig    stm32f4xx_hal_uart.o
    0x08004a18   0x08004a18   0x000000c8   Code   RO         3227    i.UART_Start_Receive_DMA  stm32f4xx_hal_uart.o
    0x08004ae0   0x08004ae0   0x00000060   Code   RO         3229    i.UART_Transmit_IT  stm32f4xx_hal_uart.o
    0x08004b40   0x08004b40   0x00000020   Code   RO          507    i.USART1_IRQHandler  stm32f4xx_it.o
    0x08004b60   0x08004b60   0x00000010   Code   RO          508    i.USART2_IRQHandler  stm32f4xx_it.o
    0x08004b70   0x08004b70   0x00000010   Code   RO          509    i.USART3_IRQHandler  stm32f4xx_it.o
    0x08004b80   0x08004b80   0x0000005c   Code   RO         5465    i.USER_UART_IRQHandler  _usart.o
    0x08004bdc   0x08004bdc   0x00000004   Code   RO          510    i.UsageFault_Handler  stm32f4xx_it.o
    0x08004be0   0x08004be0   0x000000f0   Code   RO         5528    i.VOFA_justfloat    vofa.o
    0x08004cd0   0x08004cd0   0x00000244   Code   RO         5466    i.Vis_Data_resolve  _usart.o
    0x08004f14   0x08004f14   0x00000010   Code   RO         1788    i.__NVIC_GetPriorityGrouping  stm32f4xx_hal_cortex.o
    0x08004f24   0x08004f24   0x00000028   Code   RO         1789    i.__NVIC_SetPriority  stm32f4xx_hal_cortex.o
    0x08004f4c   0x08004f4c   0x00000006   Code   RO         4740    i.__get_IPSR        cmsis_os2.o
    0x08004f52   0x08004f52   0x0000000e   Code   RO         6558    i.__scatterload_copy  mc_w.l(handlers.o)
    0x08004f60   0x08004f60   0x00000002   Code   RO         6559    i.__scatterload_null  mc_w.l(handlers.o)
    0x08004f62   0x08004f62   0x0000000e   Code   RO         6560    i.__scatterload_zeroinit  mc_w.l(handlers.o)
    0x08004f70   0x08004f70   0x000000c8   Code   RO         6110    i.gimbal_Remotestrafing  gimbal.o
    0x08005038   0x08005038   0x00000038   Code   RO           16    i.main              main.o
    0x08005070   0x08005070   0x0000001e   Code   RO         4741    i.osDelay           cmsis_os2.o
    0x0800508e   0x0800508e   0x00000002   PAD
    0x08005090   0x08005090   0x0000002c   Code   RO         4755    i.osKernelInitialize  cmsis_os2.o
    0x080050bc   0x080050bc   0x00000060   Code   RO         4758    i.osKernelStart     cmsis_os2.o
    0x0800511c   0x0800511c   0x000000b8   Code   RO         4800    i.osThreadNew       cmsis_os2.o
    0x080051d4   0x080051d4   0x0000007c   Code   RO         4160    i.prvAddCurrentTaskToDelayedList  tasks.o
    0x08005250   0x08005250   0x000000b8   Code   RO         4161    i.prvAddNewTaskToReadyList  tasks.o
    0x08005308   0x08005308   0x00000074   Code   RO         4551    i.prvCheckForValidListAndQueue  timers.o
    0x0800537c   0x0800537c   0x00000048   Code   RO         4162    i.prvCheckTasksWaitingTermination  tasks.o
    0x080053c4   0x080053c4   0x0000002a   Code   RO         3747    i.prvCopyDataFromQueue  queue.o
    0x080053ee   0x080053ee   0x0000007e   Code   RO         3748    i.prvCopyDataToQueue  queue.o
    0x0800546c   0x0800546c   0x00000050   Code   RO         4163    i.prvDeleteTCB      tasks.o
    0x080054bc   0x080054bc   0x00000028   Code   RO         4552    i.prvGetNextExpireTime  timers.o
    0x080054e4   0x080054e4   0x0000007c   Code   RO         5262    i.prvHeapInit       heap_4.o
    0x08005560   0x08005560   0x00000028   Code   RO         4164    i.prvIdleTask       tasks.o
    0x08005588   0x08005588   0x0000002a   Code   RO         3751    i.prvInitialiseNewQueue  queue.o
    0x080055b2   0x080055b2   0x000000be   Code   RO         4165    i.prvInitialiseNewTask  tasks.o
    0x08005670   0x08005670   0x00000068   Code   RO         4166    i.prvInitialiseTaskLists  tasks.o
    0x080056d8   0x080056d8   0x00000068   Code   RO         5263    i.prvInsertBlockIntoFreeList  heap_4.o
    0x08005740   0x08005740   0x00000058   Code   RO         4554    i.prvInsertTimerInActiveList  timers.o
    0x08005798   0x08005798   0x0000001a   Code   RO         3752    i.prvIsQueueEmpty   queue.o
    0x080057b2   0x080057b2   0x0000001e   Code   RO         3753    i.prvIsQueueFull    queue.o
    0x080057d0   0x080057d0   0x00000074   Code   RO         4555    i.prvProcessExpiredTimer  timers.o
    0x08005844   0x08005844   0x00000164   Code   RO         4556    i.prvProcessReceivedCommands  timers.o
    0x080059a8   0x080059a8   0x00000074   Code   RO         4557    i.prvProcessTimerOrBlockTask  timers.o
    0x08005a1c   0x08005a1c   0x00000034   Code   RO         4168    i.prvResetNextTaskUnblockTime  tasks.o
    0x08005a50   0x08005a50   0x0000002c   Code   RO         4558    i.prvSampleTimeNow  timers.o
    0x08005a7c   0x08005a7c   0x000000a4   Code   RO         4559    i.prvSwitchTimerLists  timers.o
    0x08005b20   0x08005b20   0x00000040   Code   RO         5318    i.prvTaskExitError  port.o
    0x08005b60   0x08005b60   0x0000001a   Code   RO         4560    i.prvTimerTask      timers.o
    0x08005b7a   0x08005b7a   0x0000007e   Code   RO         3754    i.prvUnlockQueue    queue.o
    0x08005bf8   0x08005bf8   0x0000014c   Code   RO         5264    i.pvPortMalloc      heap_4.o
    0x08005d44   0x08005d44   0x0000002c   Code   RO         5319    i.pxPortInitialiseStack  port.o
    0x08005d70   0x08005d70   0x00000028   Code   RO         3707    i.uxListRemove      list.o
    0x08005d98   0x08005d98   0x00000018   Code   RO         4812    i.vApplicationGetIdleTaskMemory  cmsis_os2.o
    0x08005db0   0x08005db0   0x00000018   Code   RO         4813    i.vApplicationGetTimerTaskMemory  cmsis_os2.o
    0x08005dc8   0x08005dc8   0x00000002   Code   RO          287    i.vApplicationStackOverflowHook  freertos.o
    0x08005dca   0x08005dca   0x0000001a   Code   RO         3708    i.vListInitialise   list.o
    0x08005de4   0x08005de4   0x00000006   Code   RO         3709    i.vListInitialiseItem  list.o
    0x08005dea   0x08005dea   0x00000034   Code   RO         3710    i.vListInsert       list.o
    0x08005e1e   0x08005e1e   0x00000018   Code   RO         3711    i.vListInsertEnd    list.o
    0x08005e36   0x08005e36   0x00000002   PAD
    0x08005e38   0x08005e38   0x00000054   Code   RO         5321    i.vPortEnterCritical  port.o
    0x08005e8c   0x08005e8c   0x0000003c   Code   RO         5322    i.vPortExitCritical  port.o
    0x08005ec8   0x08005ec8   0x000000a4   Code   RO         5265    i.vPortFree         heap_4.o
    0x08005f6c   0x08005f6c   0x00000028   Code   RO         5323    i.vPortSetupTimerInterrupt  port.o
    0x08005f94   0x08005f94   0x00000078   Code   RO         5324    i.vPortValidateInterruptPriority  port.o
    0x0800600c   0x0800600c   0x0000002c   Code   RO         3760    i.vQueueAddToRegistry  queue.o
    0x08006038   0x08006038   0x0000004a   Code   RO         3764    i.vQueueWaitForMessageRestricted  queue.o
    0x08006082   0x08006082   0x00000002   PAD
    0x08006084   0x08006084   0x0000005c   Code   RO         4182    i.vTaskDelay        tasks.o
    0x080060e0   0x080060e0   0x000000d4   Code   RO         4183    i.vTaskDelayUntil   tasks.o
    0x080061b4   0x080061b4   0x000000c8   Code   RO         4184    i.vTaskDelete       tasks.o
    0x0800627c   0x0800627c   0x00000018   Code   RO         4187    i.vTaskInternalSetTimeOutState  tasks.o
    0x08006294   0x08006294   0x0000000c   Code   RO         4189    i.vTaskMissedYield  tasks.o
    0x080062a0   0x080062a0   0x00000038   Code   RO         4191    i.vTaskPlaceOnEventList  tasks.o
    0x080062d8   0x080062d8   0x00000040   Code   RO         4192    i.vTaskPlaceOnEventListRestricted  tasks.o
    0x08006318   0x08006318   0x000000b8   Code   RO         4200    i.vTaskStartScheduler  tasks.o
    0x080063d0   0x080063d0   0x00000010   Code   RO         4202    i.vTaskSuspendAll   tasks.o
    0x080063e0   0x080063e0   0x000000ac   Code   RO         4203    i.vTaskSwitchContext  tasks.o
    0x0800648c   0x0800648c   0x00000168   Code   RO         5325    i.xPortStartScheduler  port.o
    0x080065f4   0x080065f4   0x00000034   Code   RO         5326    i.xPortSysTickHandler  port.o
    0x08006628   0x08006628   0x000000e0   Code   RO         3770    i.xQueueGenericCreateStatic  queue.o
    0x08006708   0x08006708   0x00000098   Code   RO         3771    i.xQueueGenericReset  queue.o
    0x080067a0   0x080067a0   0x000001a8   Code   RO         3772    i.xQueueGenericSend  queue.o
    0x08006948   0x08006948   0x000000fc   Code   RO         3773    i.xQueueGenericSendFromISR  queue.o
    0x08006a44   0x08006a44   0x00000168   Code   RO         3782    i.xQueueReceive     queue.o
    0x08006bac   0x08006bac   0x0000008c   Code   RO         4205    i.xTaskCheckForTimeOut  tasks.o
    0x08006c38   0x08006c38   0x00000064   Code   RO         4206    i.xTaskCreate       tasks.o
    0x08006c9c   0x08006c9c   0x000000ba   Code   RO         4207    i.xTaskCreateStatic  tasks.o
    0x08006d56   0x08006d56   0x00000002   PAD
    0x08006d58   0x08006d58   0x00000020   Code   RO         4211    i.xTaskGetSchedulerState  tasks.o
    0x08006d78   0x08006d78   0x0000000c   Code   RO         4212    i.xTaskGetTickCount  tasks.o
    0x08006d84   0x08006d84   0x00000144   Code   RO         4214    i.xTaskIncrementTick  tasks.o
    0x08006ec8   0x08006ec8   0x000000a4   Code   RO         4217    i.xTaskPriorityDisinherit  tasks.o
    0x08006f6c   0x08006f6c   0x00000098   Code   RO         4219    i.xTaskRemoveFromEventList  tasks.o
    0x08007004   0x08007004   0x00000104   Code   RO         4220    i.xTaskResumeAll    tasks.o
    0x08007108   0x08007108   0x00000078   Code   RO         4569    i.xTimerCreateTimerTask  timers.o
    0x08007180   0x08007180   0x00000084   Code   RO         4570    i.xTimerGenericCommand  timers.o
    0x08007204   0x08007204   0x000000d8   Data   RO          288    .constdata          freertos.o
    0x080072dc   0x080072dc   0x00000008   Data   RO         1486    .constdata          stm32f4xx_hal_dma.o
    0x080072e4   0x080072e4   0x00000018   Data   RO         3544    .constdata          system_stm32f4xx.o
    0x080072fc   0x080072fc   0x00000030   Data   RO         6017    .constdata          shoot.o
    0x0800732c   0x0800732c   0x0000003c   Data   RO         6112    .constdata          gimbal.o
    0x08007368   0x08007368   0x00000042   Data   RO          289    .conststring        freertos.o
    0x080073aa   0x080073aa   0x00000002   PAD
    0x080073ac   0x080073ac   0x00000020   Data   RO         6556    Region$$Table       anon$$obj.o


    Execution Region RW_IRAM1 (Exec base: 0x20000000, Load base: 0x080073cc, Size: 0x000056b0, Max: 0x00030000, ABSOLUTE)

    Exec Addr    Load Addr    Size         Type   Attr      Idx    E Section Name        Object

    0x20000000   0x080073cc   0x00000020   Data   RW          290    .data               freertos.o
    0x20000020   0x080073ec   0x00000004   Data   RW          367    .data               can.o
    0x20000024   0x080073f0   0x00000009   Data   RW         1944    .data               stm32f4xx_hal.o
    0x2000002d   0x080073f9   0x00000003   PAD
    0x20000030   0x080073fc   0x00000004   Data   RW         3545    .data               system_stm32f4xx.o
    0x20000034   0x08007400   0x0000003c   Data   RW         4223    .data               tasks.o
    0x20000070   0x0800743c   0x00000014   Data   RW         4578    .data               timers.o
    0x20000084   0x08007450   0x00000004   Data   RW         4816    .data               cmsis_os2.o
    0x20000088   0x08007454   0x00000020   Data   RW         5271    .data               heap_4.o
    0x200000a8   0x08007474   0x0000000c   Data   RW         5327    .data               port.o
    0x200000b4   0x08007480   0x00000010   Data   RW         5404    .data               _can.o
    0x200000c4   0x08007490   0x00000020   Data   RW         5469    .data               _usart.o
    0x200000e4   0x080074b0   0x00000016   Data   RW         6113    .data               gimbal.o
    0x200000fa   0x080074c6   0x00000002   PAD
    0x200000fc   0x080074c8   0x00000004   Data   RW         6231    .data               mc_w.l(stdout.o)
    0x20000100        -       0x00000050   Zero   RW          366    .bss                can.o
    0x20000150        -       0x00000240   Zero   RW          441    .bss                usart.o
    0x20000390        -       0x00000048   Zero   RW          640    .bss                stm32f4xx_hal_timebase_tim.o
    0x200003d8        -       0x00000040   Zero   RW         3786    .bss                queue.o
    0x20000418        -       0x000004c4   Zero   RW         4222    .bss                tasks.o
    0x200008dc        -       0x00000118   Zero   RW         4577    .bss                timers.o
    0x200009f4        -       0x000006b8   Zero   RW         4815    .bss                cmsis_os2.o
    0x200010ac        -       0x00003c00   Zero   RW         5270    .bss                heap_4.o
    0x20004cac        -       0x00000049   Zero   RW         5403    .bss                _can.o
    0x20004cf5   0x080074cc   0x00000003   PAD
    0x20004cf8        -       0x00000064   Zero   RW         5468    .bss                _usart.o
    0x20004d5c        -       0x0000002c   Zero   RW         5529    .bss                vofa.o
    0x20004d88        -       0x00000300   Zero   RW         5563    .bss                motor.o
    0x20005088        -       0x00000024   Zero   RW         5653    .bss                gyroscope.o
    0x200050ac        -       0x00000014   Zero   RW         6016    .bss                shoot.o
    0x200050c0        -       0x000001f0   Zero   RW         6111    .bss                gimbal.o
    0x200052b0        -       0x00000400   Zero   RW            1    STACK               startup_stm32f427xx.o


==============================================================================

Image component sizes


      Code (inc. data)   RO Data    RW Data    ZI Data      Debug   Object Name

       758         76          0         16         73       5533   _can.o
      1216        128          0         32        100       5499   _usart.o
       484         40          0          4         80       2354   can.o
       430         38          0          4       1720      50431   cmsis_os2.o
       120          6          0          0          0        786   dma.o
         0          0          0          0          0      19296   event_groups.o
       572        134        282         32          0       4554   freertos.o
      1378        160         60         22        496       5985   gimbal.o
       248         14          0          0          0        991   gpio.o
       120         10          0          0         36       1527   gyroscope.o
       724         74          0         32      15360       4763   heap_4.o
       148          0          0          0          0       3462   list.o
       274         14          0          0          0     768180   main.o
       458         42          0          0        768       3912   motor.o
       356         16          0          0          0       2093   pid.o
      1014         92          0         12          0      11489   port.o
      1922         20          0          0         64      17116   queue.o
       612        110         48          0         20       3909   shoot.o
        36          8        428          0       1024        820   startup_stm32f427xx.o
        96         20          0          9          0       8122   stm32f4xx_hal.o
      2148          6          0          0          0      14031   stm32f4xx_hal_can.o
       260         22          0          0          0      33458   stm32f4xx_hal_cortex.o
      1436         16          8          0          0       6866   stm32f4xx_hal_dma.o
       540         54          0          0          0       2076   stm32f4xx_hal_gpio.o
        84          6          0          0          0        826   stm32f4xx_hal_msp.o
       140         12          0          0          0       1244   stm32f4xx_hal_pwr_ex.o
      1888         94          0          0          0       6129   stm32f4xx_hal_rcc.o
       876         76          0          0          0       6446   stm32f4xx_hal_tim.o
         4          0          0          0          0       1545   stm32f4xx_hal_tim_ex.o
       180         20          0          0         72       1415   stm32f4xx_hal_timebase_tim.o
      2894         40          0          0          0      17269   stm32f4xx_hal_uart.o
       198         58          0          0          0       7544   stm32f4xx_it.o
         0          0          0          0          0       9376   stream_buffer.o
        20          6         24          4          0       1079   system_stm32f4xx.o
      3248        388          0         60       1220      29086   tasks.o
      1318        124          0         20        280      32451   timers.o
       980         92          0          0        576       3859   usart.o
       240         10          0          0         44       1632   vofa.o

    ----------------------------------------------------------------------
     27450       2026        884        252      21936    1097154   Object Totals
         0          0         32          0          0          0   (incl. Generated)
        30          0          2          5          3          0   (incl. Padding)

    ----------------------------------------------------------------------

      Code (inc. data)   RO Data    RW Data    ZI Data      Debug   Library Member Name

         0          0          0          0          0          0   entry.o
         0          0          0          0          0          0   entry10a.o
         0          0          0          0          0          0   entry11a.o
         4          0          0          0          0          0   entry12b.o
         8          4          0          0          0          0   entry2.o
         4          0          0          0          0          0   entry5.o
         0          0          0          0          0          0   entry7b.o
         0          0          0          0          0          0   entry8b.o
         8          4          0          0          0          0   entry9a.o
        30          0          0          0          0          0   handlers.o
        36          8          0          0          0         68   init.o
         0          0          0          0          0          0   iusefp.o
        30          0          0          0          0         68   llshl.o
        36          0          0          0          0         68   llsshr.o
        32          0          0          0          0         68   llushr.o
        36          0          0          0          0         68   memcpya.o
        36          0          0          0          0        108   memseta.o
         0          0          0          4          0          0   stdout.o
        98          0          0          0          0         92   uldiv.o
        56          0          0          0          0         88   d2f.o
       334          0          0          0          0        148   dadd.o
       186          0          0          0          0        176   depilogue.o
       228          0          0          0          0         96   dmul.o
        38          0          0          0          0         68   f2d.o
       110          0          0          0          0        168   fepilogue.o

    ----------------------------------------------------------------------
      1310         16          0          4          0       1284   Library Totals
         0          0          0          0          0          0   (incl. Padding)

    ----------------------------------------------------------------------

      Code (inc. data)   RO Data    RW Data    ZI Data      Debug   Library Name

       358         16          0          4          0        540   mc_w.l
       952          0          0          0          0        744   mf_w.l

    ----------------------------------------------------------------------
      1310         16          0          4          0       1284   Library Totals

    ----------------------------------------------------------------------

==============================================================================


      Code (inc. data)   RO Data    RW Data    ZI Data      Debug   

     28760       2042        884        256      21936    1076322   Grand Totals
     28760       2042        884        256      21936    1076322   ELF Image Totals
     28760       2042        884        256          0          0   ROM Totals

==============================================================================

    Total RO  Size (Code + RO Data)                29644 (  28.95kB)
    Total RW  Size (RW Data + ZI Data)             22192 (  21.67kB)
    Total ROM Size (Code + RO Data + RW Data)      29900 (  29.20kB)

==============================================================================

